Archive member included to satisfy reference by file (symbol)

c:/st/stm32cubeide_1.4.0/stm32cubeide/plugins/com.st.stm32cube.ide.mcu.externaltools.gnu-tools-for-stm32.7-2018-q2-update.win32_1.4.0.202007081208/tools/bin/../lib/gcc/arm-none-eabi/7.3.1/../../../../arm-none-eabi/lib/thumb/v7e-m/fpv4-sp/hard\libc_nano.a(lib_a-errno.o)
                              Core/Src/syscalls.o (__errno)
c:/st/stm32cubeide_1.4.0/stm32cubeide/plugins/com.st.stm32cube.ide.mcu.externaltools.gnu-tools-for-stm32.7-2018-q2-update.win32_1.4.0.202007081208/tools/bin/../lib/gcc/arm-none-eabi/7.3.1/../../../../arm-none-eabi/lib/thumb/v7e-m/fpv4-sp/hard\libc_nano.a(lib_a-exit.o)
                              c:/st/stm32cubeide_1.4.0/stm32cubeide/plugins/com.st.stm32cube.ide.mcu.externaltools.gnu-tools-for-stm32.7-2018-q2-update.win32_1.4.0.202007081208/tools/bin/../lib/gcc/arm-none-eabi/7.3.1/../../../../arm-none-eabi/lib/thumb/v7e-m/fpv4-sp/hard/crt0.o (exit)
c:/st/stm32cubeide_1.4.0/stm32cubeide/plugins/com.st.stm32cube.ide.mcu.externaltools.gnu-tools-for-stm32.7-2018-q2-update.win32_1.4.0.202007081208/tools/bin/../lib/gcc/arm-none-eabi/7.3.1/../../../../arm-none-eabi/lib/thumb/v7e-m/fpv4-sp/hard\libc_nano.a(lib_a-impure.o)
                              c:/st/stm32cubeide_1.4.0/stm32cubeide/plugins/com.st.stm32cube.ide.mcu.externaltools.gnu-tools-for-stm32.7-2018-q2-update.win32_1.4.0.202007081208/tools/bin/../lib/gcc/arm-none-eabi/7.3.1/../../../../arm-none-eabi/lib/thumb/v7e-m/fpv4-sp/hard\libc_nano.a(lib_a-exit.o) (_global_impure_ptr)
c:/st/stm32cubeide_1.4.0/stm32cubeide/plugins/com.st.stm32cube.ide.mcu.externaltools.gnu-tools-for-stm32.7-2018-q2-update.win32_1.4.0.202007081208/tools/bin/../lib/gcc/arm-none-eabi/7.3.1/../../../../arm-none-eabi/lib/thumb/v7e-m/fpv4-sp/hard\libc_nano.a(lib_a-init.o)
                              c:/st/stm32cubeide_1.4.0/stm32cubeide/plugins/com.st.stm32cube.ide.mcu.externaltools.gnu-tools-for-stm32.7-2018-q2-update.win32_1.4.0.202007081208/tools/bin/../lib/gcc/arm-none-eabi/7.3.1/../../../../arm-none-eabi/lib/thumb/v7e-m/fpv4-sp/hard/crt0.o (__libc_init_array)
c:/st/stm32cubeide_1.4.0/stm32cubeide/plugins/com.st.stm32cube.ide.mcu.externaltools.gnu-tools-for-stm32.7-2018-q2-update.win32_1.4.0.202007081208/tools/bin/../lib/gcc/arm-none-eabi/7.3.1/../../../../arm-none-eabi/lib/thumb/v7e-m/fpv4-sp/hard\libc_nano.a(lib_a-malloc.o)
                              Middlewares/ST/STM32_USB_Device_Library/Class/CDC/Src/usbd_cdc.o (malloc)
c:/st/stm32cubeide_1.4.0/stm32cubeide/plugins/com.st.stm32cube.ide.mcu.externaltools.gnu-tools-for-stm32.7-2018-q2-update.win32_1.4.0.202007081208/tools/bin/../lib/gcc/arm-none-eabi/7.3.1/../../../../arm-none-eabi/lib/thumb/v7e-m/fpv4-sp/hard\libc_nano.a(lib_a-memset.o)
                              c:/st/stm32cubeide_1.4.0/stm32cubeide/plugins/com.st.stm32cube.ide.mcu.externaltools.gnu-tools-for-stm32.7-2018-q2-update.win32_1.4.0.202007081208/tools/bin/../lib/gcc/arm-none-eabi/7.3.1/../../../../arm-none-eabi/lib/thumb/v7e-m/fpv4-sp/hard/crt0.o (memset)
c:/st/stm32cubeide_1.4.0/stm32cubeide/plugins/com.st.stm32cube.ide.mcu.externaltools.gnu-tools-for-stm32.7-2018-q2-update.win32_1.4.0.202007081208/tools/bin/../lib/gcc/arm-none-eabi/7.3.1/../../../../arm-none-eabi/lib/thumb/v7e-m/fpv4-sp/hard\libc_nano.a(lib_a-nano-freer.o)
                              c:/st/stm32cubeide_1.4.0/stm32cubeide/plugins/com.st.stm32cube.ide.mcu.externaltools.gnu-tools-for-stm32.7-2018-q2-update.win32_1.4.0.202007081208/tools/bin/../lib/gcc/arm-none-eabi/7.3.1/../../../../arm-none-eabi/lib/thumb/v7e-m/fpv4-sp/hard\libc_nano.a(lib_a-malloc.o) (_free_r)
c:/st/stm32cubeide_1.4.0/stm32cubeide/plugins/com.st.stm32cube.ide.mcu.externaltools.gnu-tools-for-stm32.7-2018-q2-update.win32_1.4.0.202007081208/tools/bin/../lib/gcc/arm-none-eabi/7.3.1/../../../../arm-none-eabi/lib/thumb/v7e-m/fpv4-sp/hard\libc_nano.a(lib_a-nano-mallocr.o)
                              c:/st/stm32cubeide_1.4.0/stm32cubeide/plugins/com.st.stm32cube.ide.mcu.externaltools.gnu-tools-for-stm32.7-2018-q2-update.win32_1.4.0.202007081208/tools/bin/../lib/gcc/arm-none-eabi/7.3.1/../../../../arm-none-eabi/lib/thumb/v7e-m/fpv4-sp/hard\libc_nano.a(lib_a-malloc.o) (_malloc_r)
c:/st/stm32cubeide_1.4.0/stm32cubeide/plugins/com.st.stm32cube.ide.mcu.externaltools.gnu-tools-for-stm32.7-2018-q2-update.win32_1.4.0.202007081208/tools/bin/../lib/gcc/arm-none-eabi/7.3.1/../../../../arm-none-eabi/lib/thumb/v7e-m/fpv4-sp/hard\libc_nano.a(lib_a-sbrkr.o)
                              c:/st/stm32cubeide_1.4.0/stm32cubeide/plugins/com.st.stm32cube.ide.mcu.externaltools.gnu-tools-for-stm32.7-2018-q2-update.win32_1.4.0.202007081208/tools/bin/../lib/gcc/arm-none-eabi/7.3.1/../../../../arm-none-eabi/lib/thumb/v7e-m/fpv4-sp/hard\libc_nano.a(lib_a-nano-mallocr.o) (_sbrk_r)
[...]
Memory Configuration

Name             Origin             Length             Attributes
RAM              0x0000000020000000 0x00000000000a0000 xrw
FLASH            0x0000000008000000 0x0000000000200000 xr
*default*        0x0000000000000000 0xffffffffffffffff

Linker script and memory map

LOAD c:/st/stm32cubeide_1.4.0/stm32cubeide/plugins/com.st.stm32cube.ide.mcu.externaltools.gnu-tools-for-stm32.7-2018-q2-update.win32_1.4.0.202007081208/tools/bin/../lib/gcc/arm-none-eabi/7.3.1/thumb/v7e-m/fpv4-sp/hard/crti.o
LOAD c:/st/stm32cubeide_1.4.0/stm32cubeide/plugins/com.st.stm32cube.ide.mcu.externaltools.gnu-tools-for-stm32.7-2018-q2-update.win32_1.4.0.202007081208/tools/bin/../lib/gcc/arm-none-eabi/7.3.1/thumb/v7e-m/fpv4-sp/hard/crtbegin.o
LOAD c:/st/stm32cubeide_1.4.0/stm32cubeide/plugins/com.st.stm32cube.ide.mcu.externaltools.gnu-tools-for-stm32.7-2018-q2-update.win32_1.4.0.202007081208/tools/bin/../lib/gcc/arm-none-eabi/7.3.1/../../../../arm-none-eabi/lib/thumb/v7e-m/fpv4-sp/hard/crt0.o
LOAD Core/Src/main.o
LOAD Core/Src/stm32l4xx_hal_msp.o
LOAD Core/Src/stm32l4xx_it.o
LOAD Core/Src/syscalls.o
LOAD Core/Src/sysmem.o
LOAD Core/Src/system_stm32l4xx.o
LOAD Core/Startup/startup_stm32l4r5vitx.o
LOAD Drivers/STM32L4xx_HAL_Driver/Src/stm32l4xx_hal.o
LOAD Drivers/STM32L4xx_HAL_Driver/Src/stm32l4xx_hal_cortex.o
LOAD Drivers/STM32L4xx_HAL_Driver/Src/stm32l4xx_hal_dma.o
LOAD Drivers/STM32L4xx_HAL_Driver/Src/stm32l4xx_hal_dma_ex.o
LOAD Drivers/STM32L4xx_HAL_Driver/Src/stm32l4xx_hal_exti.o
LOAD Drivers/STM32L4xx_HAL_Driver/Src/stm32l4xx_hal_flash.o
LOAD Drivers/STM32L4xx_HAL_Driver/Src/stm32l4xx_hal_flash_ex.o
LOAD Drivers/STM32L4xx_HAL_Driver/Src/stm32l4xx_hal_flash_ramfunc.o
LOAD Drivers/STM32L4xx_HAL_Driver/Src/stm32l4xx_hal_gpio.o
LOAD Drivers/STM32L4xx_HAL_Driver/Src/stm32l4xx_hal_i2c.o
LOAD Drivers/STM32L4xx_HAL_Driver/Src/stm32l4xx_hal_i2c_ex.o
LOAD Drivers/STM32L4xx_HAL_Driver/Src/stm32l4xx_hal_pcd.o
LOAD Drivers/STM32L4xx_HAL_Driver/Src/stm32l4xx_hal_pcd_ex.o
LOAD Drivers/STM32L4xx_HAL_Driver/Src/stm32l4xx_hal_pwr.o
LOAD Drivers/STM32L4xx_HAL_Driver/Src/stm32l4xx_hal_pwr_ex.o
LOAD Drivers/STM32L4xx_HAL_Driver/Src/stm32l4xx_hal_rcc.o
LOAD Drivers/STM32L4xx_HAL_Driver/Src/stm32l4xx_hal_rcc_ex.o
LOAD Drivers/STM32L4xx_HAL_Driver/Src/stm32l4xx_hal_tim.o
LOAD Drivers/STM32L4xx_HAL_Driver/Src/stm32l4xx_hal_tim_ex.o
LOAD Drivers/STM32L4xx_HAL_Driver/Src/stm32l4xx_hal_uart.o
LOAD Drivers/STM32L4xx_HAL_Driver/Src/stm32l4xx_hal_uart_ex.o
LOAD Drivers/STM32L4xx_HAL_Driver/Src/stm32l4xx_ll_usb.o
LOAD Middlewares/ST/STM32_USB_Device_Library/Class/CDC/Src/usbd_cdc.o
LOAD Middlewares/ST/STM32_USB_Device_Library/Core/Src/usbd_core.o
LOAD Middlewares/ST/STM32_USB_Device_Library/Core/Src/usbd_ctlreq.o
LOAD Middlewares/ST/STM32_USB_Device_Library/Core/Src/usbd_ioreq.o
LOAD Source/Application/System.o
LOAD Source/Systemslayer/Error.o
LOAD Source/Systemslayer/HRT.o
LOAD Source/Systemslayer/PAL.o
LOAD Source/Systemslayer/Power.o
LOAD Source/Systemslayer/USBDev.o
LOAD Source/Systemslayer/USBi.o
LOAD Source/Systemslayer/dI2C.o
LOAD USB_DEVICE/App/usb_device.o
LOAD USB_DEVICE/App/usbd_cdc_if.o
LOAD USB_DEVICE/App/usbd_desc.o
LOAD USB_DEVICE/Target/usbd_conf.o
START GROUP
LOAD c:/st/stm32cubeide_1.4.0/stm32cubeide/plugins/com.st.stm32cube.ide.mcu.externaltools.gnu-tools-for-stm32.7-2018-q2-update.win32_1.4.0.202007081208/tools/bin/../lib/gcc/arm-none-eabi/7.3.1/../../../../arm-none-eabi/lib/thumb/v7e-m/fpv4-sp/hard\libc_nano.a
LOAD c:/st/stm32cubeide_1.4.0/stm32cubeide/plugins/com.st.stm32cube.ide.mcu.externaltools.gnu-tools-for-stm32.7-2018-q2-update.win32_1.4.0.202007081208/tools/bin/../lib/gcc/arm-none-eabi/7.3.1/../../../../arm-none-eabi/lib/thumb/v7e-m/fpv4-sp/hard\libm.a
END GROUP
START GROUP
LOAD c:/st/stm32cubeide_1.4.0/stm32cubeide/plugins/com.st.stm32cube.ide.mcu.externaltools.gnu-tools-for-stm32.7-2018-q2-update.win32_1.4.0.202007081208/tools/bin/../lib/gcc/arm-none-eabi/7.3.1/thumb/v7e-m/fpv4-sp/hard\libgcc.a
LOAD c:/st/stm32cubeide_1.4.0/stm32cubeide/plugins/com.st.stm32cube.ide.mcu.externaltools.gnu-tools-for-stm32.7-2018-q2-update.win32_1.4.0.202007081208/tools/bin/../lib/gcc/arm-none-eabi/7.3.1/../../../../arm-none-eabi/lib/thumb/v7e-m/fpv4-sp/hard\libc_nano.a
END GROUP
START GROUP
LOAD c:/st/stm32cubeide_1.4.0/stm32cubeide/plugins/com.st.stm32cube.ide.mcu.externaltools.gnu-tools-for-stm32.7-2018-q2-update.win32_1.4.0.202007081208/tools/bin/../lib/gcc/arm-none-eabi/7.3.1/thumb/v7e-m/fpv4-sp/hard\libgcc.a
LOAD c:/st/stm32cubeide_1.4.0/stm32cubeide/plugins/com.st.stm32cube.ide.mcu.externaltools.gnu-tools-for-stm32.7-2018-q2-update.win32_1.4.0.202007081208/tools/bin/../lib/gcc/arm-none-eabi/7.3.1/../../../../arm-none-eabi/lib/thumb/v7e-m/fpv4-sp/hard\libc_nano.a
LOAD c:/st/stm32cubeide_1.4.0/stm32cubeide/plugins/com.st.stm32cube.ide.mcu.externaltools.gnu-tools-for-stm32.7-2018-q2-update.win32_1.4.0.202007081208/tools/bin/../lib/gcc/arm-none-eabi/7.3.1/../../../../arm-none-eabi/lib/thumb/v7e-m/fpv4-sp/hard\libnosys.a
END GROUP
START GROUP
LOAD c:/st/stm32cubeide_1.4.0/stm32cubeide/plugins/com.st.stm32cube.ide.mcu.externaltools.gnu-tools-for-stm32.7-2018-q2-update.win32_1.4.0.202007081208/tools/bin/../lib/gcc/arm-none-eabi/7.3.1/thumb/v7e-m/fpv4-sp/hard\libgcc.a
LOAD c:/st/stm32cubeide_1.4.0/stm32cubeide/plugins/com.st.stm32cube.ide.mcu.externaltools.gnu-tools-for-stm32.7-2018-q2-update.win32_1.4.0.202007081208/tools/bin/../lib/gcc/arm-none-eabi/7.3.1/../../../../arm-none-eabi/lib/thumb/v7e-m/fpv4-sp/hard\libc_nano.a
LOAD c:/st/stm32cubeide_1.4.0/stm32cubeide/plugins/com.st.stm32cube.ide.mcu.externaltools.gnu-tools-for-stm32.7-2018-q2-update.win32_1.4.0.202007081208/tools/bin/../lib/gcc/arm-none-eabi/7.3.1/../../../../arm-none-eabi/lib/thumb/v7e-m/fpv4-sp/hard\libnosys.a
END GROUP
LOAD c:/st/stm32cubeide_1.4.0/stm32cubeide/plugins/com.st.stm32cube.ide.mcu.externaltools.gnu-tools-for-stm32.7-2018-q2-update.win32_1.4.0.202007081208/tools/bin/../lib/gcc/arm-none-eabi/7.3.1/thumb/v7e-m/fpv4-sp/hard/crtend.o
LOAD c:/st/stm32cubeide_1.4.0/stm32cubeide/plugins/com.st.stm32cube.ide.mcu.externaltools.gnu-tools-for-stm32.7-2018-q2-update.win32_1.4.0.202007081208/tools/bin/../lib/gcc/arm-none-eabi/7.3.1/thumb/v7e-m/fpv4-sp/hard/crtn.o
                0x00000000200a0000                _estack = (ORIGIN (RAM) + LENGTH (RAM))
                0x0000000000000200                _Min_Heap_Size = 0x200
                0x0000000000000400                _Min_Stack_Size = 0x400

.isr_vector     0x0000000008000000      0x1bc
                0x0000000008000000                . = ALIGN (0x4)
 *(.isr_vector)
 .isr_vector    0x0000000008000000      0x1bc Core/Startup/startup_stm32l4r5vitx.o
                0x0000000008000000                g_pfnVectors
                0x00000000080001bc                . = ALIGN (0x4)

.text           0x00000000080001bc     0x7570
                0x00000000080001bc                . = ALIGN (0x4)
 *(.text)
 .text          0x00000000080001bc       0x40 c:/st/stm32cubeide_1.4.0/stm32cubeide/plugins/com.st.stm32cube.ide.mcu.externaltools.gnu-tools-for-stm32.7-2018-q2-update.win32_1.4.0.202007081208/tools/bin/../lib/gcc/arm-none-eabi/7.3.1/thumb/v7e-m/fpv4-sp/hard/crtbegin.o
 *(.text*)
 .text.App_InitAll
                0x00000000080001fc       0x18 Core/Src/main.o
 .text.main     0x0000000008000214       0x1c Core/Src/main.o
                0x0000000008000214                main
 .text.HAL_MspInit
                0x0000000008000230       0x48 Core/Src/stm32l4xx_hal_msp.o
                0x0000000008000230                HAL_MspInit
 .text.NMI_Handler
                0x0000000008000278        0xe Core/Src/stm32l4xx_it.o
                0x0000000008000278                NMI_Handler
 .text.HardFault_Handler
                0x0000000008000286        0x6 Core/Src/stm32l4xx_it.o
                0x0000000008000286                HardFault_Handler
 .text.MemManage_Handler
                0x000000000800028c        0x6 Core/Src/stm32l4xx_it.o
                0x000000000800028c                MemManage_Handler
 .text.BusFault_Handler
                0x0000000008000292        0x6 Core/Src/stm32l4xx_it.o
                0x0000000008000292                BusFault_Handler
 .text.UsageFault_Handler
                0x0000000008000298        0x6 Core/Src/stm32l4xx_it.o
                0x0000000008000298                UsageFault_Handler
 .text.SVC_Handler
                0x000000000800029e        0xe Core/Src/stm32l4xx_it.o
                0x000000000800029e                SVC_Handler
 .text.DebugMon_Handler
                0x00000000080002ac        0xe Core/Src/stm32l4xx_it.o
                0x00000000080002ac                DebugMon_Handler
 .text.PendSV_Handler
                0x00000000080002ba        0xe Core/Src/stm32l4xx_it.o
                0x00000000080002ba                PendSV_Handler
 .text.SysTick_Handler
                0x00000000080002c8        0xc Core/Src/stm32l4xx_it.o
                0x00000000080002c8                SysTick_Handler
 .text.EXTI9_5_IRQHandler
                0x00000000080002d4        0xe Core/Src/stm32l4xx_it.o
                0x00000000080002d4                EXTI9_5_IRQHandler
 *fill*         0x00000000080002e2        0x2 
 .text.I2C1_EV_IRQHandler
                0x00000000080002e4       0x14 Core/Src/stm32l4xx_it.o
                0x00000000080002e4                I2C1_EV_IRQHandler
 .text.I2C1_ER_IRQHandler
                0x00000000080002f8       0x14 Core/Src/stm32l4xx_it.o
                0x00000000080002f8                I2C1_ER_IRQHandler
 .text.I2C2_EV_IRQHandler
                0x000000000800030c       0x14 Core/Src/stm32l4xx_it.o
                0x000000000800030c                I2C2_EV_IRQHandler
 .text.I2C2_ER_IRQHandler
                0x0000000008000320       0x14 Core/Src/stm32l4xx_it.o
                0x0000000008000320                I2C2_ER_IRQHandler
 .text.USART2_IRQHandler
                0x0000000008000334       0x14 Core/Src/stm32l4xx_it.o
                0x0000000008000334                USART2_IRQHandler
 .text.UART4_IRQHandler
                0x0000000008000348       0x14 Core/Src/stm32l4xx_it.o
                0x0000000008000348                UART4_IRQHandler
 .text.OTG_FS_IRQHandler
                0x000000000800035c       0x14 Core/Src/stm32l4xx_it.o
                0x000000000800035c                OTG_FS_IRQHandler
 .text.SystemInit
                0x0000000008000370       0x6c Core/Src/system_stm32l4xx.o
                0x0000000008000370                SystemInit
 .text.Reset_Handler
                0x00000000080003dc       0x50 Core/Startup/startup_stm32l4r5vitx.o
                0x00000000080003dc                Reset_Handler
 .text.Default_Handler
                0x000000000800042c        0x2 Core/Startup/startup_stm32l4r5vitx.o
                0x000000000800042c                RTC_Alarm_IRQHandler
                0x000000000800042c                EXTI2_IRQHandler
                0x000000000800042c                TIM8_TRG_COM_IRQHandler
                0x000000000800042c                TIM8_CC_IRQHandler
                0x000000000800042c                TIM1_CC_IRQHandler
                0x000000000800042c                TSC_IRQHandler
                0x000000000800042c                TAMP_STAMP_IRQHandler
                0x000000000800042c                EXTI3_IRQHandler
                0x000000000800042c                LPTIM2_IRQHandler
                0x000000000800042c                DFSDM1_FLT1_IRQHandler
                0x000000000800042c                GFXMMU_IRQHandler
                0x000000000800042c                I2C3_ER_IRQHandler
                0x000000000800042c                DFSDM1_FLT2_IRQHandler
                0x000000000800042c                EXTI0_IRQHandler
                0x000000000800042c                CAN1_RX0_IRQHandler
                0x000000000800042c                FPU_IRQHandler
                0x000000000800042c                TIM1_UP_TIM16_IRQHandler
                0x000000000800042c                LTDC_ER_IRQHandler
                0x000000000800042c                SPI1_IRQHandler
                0x000000000800042c                OCTOSPI1_IRQHandler
                0x000000000800042c                TIM6_DAC_IRQHandler
                0x000000000800042c                DCMI_IRQHandler
                0x000000000800042c                TIM8_UP_IRQHandler
                0x000000000800042c                OCTOSPI2_IRQHandler
                0x000000000800042c                DMA2_Channel2_IRQHandler
                0x000000000800042c                DMA1_Channel4_IRQHandler
                0x000000000800042c                SAI2_IRQHandler
                0x000000000800042c                ADC1_IRQHandler
                0x000000000800042c                DFSDM1_FLT3_IRQHandler
                0x000000000800042c                USART3_IRQHandler
                0x000000000800042c                DMA1_Channel7_IRQHandler
                0x000000000800042c                CAN1_RX1_IRQHandler
                0x000000000800042c                UART5_IRQHandler
                0x000000000800042c                TIM4_IRQHandler
                0x000000000800042c                DMA2_Channel1_IRQHandler
                0x000000000800042c                DMAMUX1_OVR_IRQHandler
                0x000000000800042c                DMA1_Channel6_IRQHandler
                0x000000000800042c                DMA2_Channel4_IRQHandler
                0x000000000800042c                TIM3_IRQHandler
                0x000000000800042c                RCC_IRQHandler
                0x000000000800042c                DMA1_Channel1_IRQHandler
                0x000000000800042c                Default_Handler
                0x000000000800042c                DMA2_Channel7_IRQHandler
                0x000000000800042c                EXTI15_10_IRQHandler
                0x000000000800042c                TIM7_IRQHandler
                0x000000000800042c                SDMMC1_IRQHandler
                0x000000000800042c                TIM5_IRQHandler
                0x000000000800042c                I2C3_EV_IRQHandler
                0x000000000800042c                RTC_WKUP_IRQHandler
                0x000000000800042c                LTDC_IRQHandler
                0x000000000800042c                PVD_PVM_IRQHandler
                0x000000000800042c                SPI2_IRQHandler
                0x000000000800042c                CAN1_TX_IRQHandler
                0x000000000800042c                DMA2_Channel5_IRQHandler
                0x000000000800042c                CRS_IRQHandler
                0x000000000800042c                DMA1_Channel5_IRQHandler
                0x000000000800042c                EXTI4_IRQHandler
                0x000000000800042c                RNG_IRQHandler
                0x000000000800042c                TIM1_TRG_COM_TIM17_IRQHandler
                0x000000000800042c                DMA1_Channel3_IRQHandler
                0x000000000800042c                COMP_IRQHandler
                0x000000000800042c                WWDG_IRQHandler
                0x000000000800042c                I2C4_EV_IRQHandler
                0x000000000800042c                LPUART1_IRQHandler
                0x000000000800042c                DMA2_Channel6_IRQHandler
                0x000000000800042c                TIM2_IRQHandler
                0x000000000800042c                DMA2D_IRQHandler
                0x000000000800042c                EXTI1_IRQHandler
                0x000000000800042c                DFSDM1_FLT0_IRQHandler
                0x000000000800042c                DMA1_Channel2_IRQHandler
                0x000000000800042c                TIM8_BRK_IRQHandler
                0x000000000800042c                CAN1_SCE_IRQHandler
                0x000000000800042c                FLASH_IRQHandler
                0x000000000800042c                USART1_IRQHandler
                0x000000000800042c                SPI3_IRQHandler
                0x000000000800042c                FMC_IRQHandler
                0x000000000800042c                LPTIM1_IRQHandler
                0x000000000800042c                I2C4_ER_IRQHandler
                0x000000000800042c                SAI1_IRQHandler
                0x000000000800042c                DMA2_Channel3_IRQHandler
                0x000000000800042c                TIM1_BRK_TIM15_IRQHandler
 .text.HAL_Init
                0x000000000800042e       0x30 Drivers/STM32L4xx_HAL_Driver/Src/stm32l4xx_hal.o
                0x000000000800042e                HAL_Init
 *fill*         0x000000000800045e        0x2 
 .text.HAL_InitTick
                0x0000000008000460       0x78 Drivers/STM32L4xx_HAL_Driver/Src/stm32l4xx_hal.o
                0x0000000008000460                HAL_InitTick
 .text.HAL_IncTick
                0x00000000080004d8       0x28 Drivers/STM32L4xx_HAL_Driver/Src/stm32l4xx_hal.o
                0x00000000080004d8                HAL_IncTick
 .text.HAL_GetTick
                0x0000000008000500       0x18 Drivers/STM32L4xx_HAL_Driver/Src/stm32l4xx_hal.o
                0x0000000008000500                HAL_GetTick
 .text.HAL_Delay
                0x0000000008000518       0x44 Drivers/STM32L4xx_HAL_Driver/Src/stm32l4xx_hal.o
                0x0000000008000518                HAL_Delay
 .text.__NVIC_SetPriorityGrouping
                0x000000000800055c       0x48 Drivers/STM32L4xx_HAL_Driver/Src/stm32l4xx_hal_cortex.o
 .text.__NVIC_GetPriorityGrouping
                0x00000000080005a4       0x1c Drivers/STM32L4xx_HAL_Driver/Src/stm32l4xx_hal_cortex.o
 .text.__NVIC_SetPriority
                0x00000000080005c0       0x54 Drivers/STM32L4xx_HAL_Driver/Src/stm32l4xx_hal_cortex.o
 .text.NVIC_EncodePriority
                0x0000000008000614       0x66 Drivers/STM32L4xx_HAL_Driver/Src/stm32l4xx_hal_cortex.o
 *fill*         0x000000000800067a        0x2 
 .text.SysTick_Config
                0x000000000800067c       0x44 Drivers/STM32L4xx_HAL_Driver/Src/stm32l4xx_hal_cortex.o
 .text.HAL_NVIC_SetPriorityGrouping
                0x00000000080006c0       0x16 Drivers/STM32L4xx_HAL_Driver/Src/stm32l4xx_hal_cortex.o
                0x00000000080006c0                HAL_NVIC_SetPriorityGrouping
 .text.HAL_NVIC_SetPriority
                0x00000000080006d6       0x38 Drivers/STM32L4xx_HAL_Driver/Src/stm32l4xx_hal_cortex.o
                0x00000000080006d6                HAL_NVIC_SetPriority
 .text.HAL_SYSTICK_Config
                0x000000000800070e       0x18 Drivers/STM32L4xx_HAL_Driver/Src/stm32l4xx_hal_cortex.o
                0x000000000800070e                HAL_SYSTICK_Config
 .text.HAL_DMA_Abort_IT
                0x0000000008000726       0xbe Drivers/STM32L4xx_HAL_Driver/Src/stm32l4xx_hal_dma.o
                0x0000000008000726                HAL_DMA_Abort_IT
 .text.HAL_DMA_GetState
                0x00000000080007e4       0x1c Drivers/STM32L4xx_HAL_Driver/Src/stm32l4xx_hal_dma.o
                0x00000000080007e4                HAL_DMA_GetState
 .text.HAL_GPIO_Init
                0x0000000008000800      0x324 Drivers/STM32L4xx_HAL_Driver/Src/stm32l4xx_hal_gpio.o
                0x0000000008000800                HAL_GPIO_Init
 .text.HAL_GPIO_WritePin
                0x0000000008000b24       0x30 Drivers/STM32L4xx_HAL_Driver/Src/stm32l4xx_hal_gpio.o
                0x0000000008000b24                HAL_GPIO_WritePin
 .text.HAL_GPIO_TogglePin
                0x0000000008000b54       0x34 Drivers/STM32L4xx_HAL_Driver/Src/stm32l4xx_hal_gpio.o
                0x0000000008000b54                HAL_GPIO_TogglePin
 .text.HAL_GPIO_EXTI_IRQHandler
                0x0000000008000b88       0x30 Drivers/STM32L4xx_HAL_Driver/Src/stm32l4xx_hal_gpio.o
                0x0000000008000b88                HAL_GPIO_EXTI_IRQHandler
 .text.HAL_GPIO_EXTI_Callback
                0x0000000008000bb8       0x16 Drivers/STM32L4xx_HAL_Driver/Src/stm32l4xx_hal_gpio.o
                0x0000000008000bb8                HAL_GPIO_EXTI_Callback
 .text.HAL_I2C_EV_IRQHandler
                0x0000000008000bce       0x34 Drivers/STM32L4xx_HAL_Driver/Src/stm32l4xx_hal_i2c.o
                0x0000000008000bce                HAL_I2C_EV_IRQHandler
 .text.HAL_I2C_ER_IRQHandler
                0x0000000008000c02       0xc2 Drivers/STM32L4xx_HAL_Driver/Src/stm32l4xx_hal_i2c.o
                0x0000000008000c02                HAL_I2C_ER_IRQHandler
 .text.HAL_I2C_SlaveTxCpltCallback
                0x0000000008000cc4       0x14 Drivers/STM32L4xx_HAL_Driver/Src/stm32l4xx_hal_i2c.o
                0x0000000008000cc4                HAL_I2C_SlaveTxCpltCallback
 .text.HAL_I2C_SlaveRxCpltCallback
                0x0000000008000cd8       0x14 Drivers/STM32L4xx_HAL_Driver/Src/stm32l4xx_hal_i2c.o
                0x0000000008000cd8                HAL_I2C_SlaveRxCpltCallback
 .text.HAL_I2C_AddrCallback
                0x0000000008000cec       0x1c Drivers/STM32L4xx_HAL_Driver/Src/stm32l4xx_hal_i2c.o
                0x0000000008000cec                HAL_I2C_AddrCallback
 .text.HAL_I2C_ListenCpltCallback
                0x0000000008000d08       0x14 Drivers/STM32L4xx_HAL_Driver/Src/stm32l4xx_hal_i2c.o
                0x0000000008000d08                HAL_I2C_ListenCpltCallback
 .text.HAL_I2C_ErrorCallback
                0x0000000008000d1c       0x14 Drivers/STM32L4xx_HAL_Driver/Src/stm32l4xx_hal_i2c.o
                0x0000000008000d1c                HAL_I2C_ErrorCallback
 .text.HAL_I2C_AbortCpltCallback
                0x0000000008000d30       0x14 Drivers/STM32L4xx_HAL_Driver/Src/stm32l4xx_hal_i2c.o
                0x0000000008000d30                HAL_I2C_AbortCpltCallback
 .text.I2C_Slave_ISR_IT
                0x0000000008000d44      0x206 Drivers/STM32L4xx_HAL_Driver/Src/stm32l4xx_hal_i2c.o
 .text.I2C_ITAddrCplt
                0x0000000008000f4a      0x108 Drivers/STM32L4xx_HAL_Driver/Src/stm32l4xx_hal_i2c.o
 .text.I2C_ITSlaveSeqCplt
                0x0000000008001052       0xbc Drivers/STM32L4xx_HAL_Driver/Src/stm32l4xx_hal_i2c.o
 *fill*         0x000000000800110e        0x2 
 .text.I2C_ITSlaveCplt
                0x0000000008001110      0x214 Drivers/STM32L4xx_HAL_Driver/Src/stm32l4xx_hal_i2c.o
 .text.I2C_ITListenCplt
                0x0000000008001324       0xac Drivers/STM32L4xx_HAL_Driver/Src/stm32l4xx_hal_i2c.o
 .text.I2C_ITError
                0x00000000080013d0      0x1a0 Drivers/STM32L4xx_HAL_Driver/Src/stm32l4xx_hal_i2c.o
 .text.I2C_TreatErrorCallback
                0x0000000008001570       0x4e Drivers/STM32L4xx_HAL_Driver/Src/stm32l4xx_hal_i2c.o
 .text.I2C_Flush_TXDR
                0x00000000080015be       0x48 Drivers/STM32L4xx_HAL_Driver/Src/stm32l4xx_hal_i2c.o
 .text.I2C_DMAAbort
                0x0000000008001606       0x3c Drivers/STM32L4xx_HAL_Driver/Src/stm32l4xx_hal_i2c.o
 .text.I2C_Disable_IRQ
                0x0000000008001642       0xbc Drivers/STM32L4xx_HAL_Driver/Src/stm32l4xx_hal_i2c.o
 .text.HAL_PCD_IRQHandler
                0x00000000080016fe      0x748 Drivers/STM32L4xx_HAL_Driver/Src/stm32l4xx_hal_pcd.o
                0x00000000080016fe                HAL_PCD_IRQHandler
 .text.HAL_PCD_SetAddress
                0x0000000008001e46       0x4a Drivers/STM32L4xx_HAL_Driver/Src/stm32l4xx_hal_pcd.o
                0x0000000008001e46                HAL_PCD_SetAddress
 .text.HAL_PCD_EP_Open
                0x0000000008001e90       0xd0 Drivers/STM32L4xx_HAL_Driver/Src/stm32l4xx_hal_pcd.o
                0x0000000008001e90                HAL_PCD_EP_Open
 .text.HAL_PCD_EP_Receive
                0x0000000008001f60       0x7c Drivers/STM32L4xx_HAL_Driver/Src/stm32l4xx_hal_pcd.o
                0x0000000008001f60                HAL_PCD_EP_Receive
 .text.HAL_PCD_EP_Transmit
                0x0000000008001fdc       0x7a Drivers/STM32L4xx_HAL_Driver/Src/stm32l4xx_hal_pcd.o
                0x0000000008001fdc                HAL_PCD_EP_Transmit
 .text.HAL_PCD_EP_SetStall
                0x0000000008002056       0xc4 Drivers/STM32L4xx_HAL_Driver/Src/stm32l4xx_hal_pcd.o
                0x0000000008002056                HAL_PCD_EP_SetStall
 .text.HAL_PCD_EP_ClrStall
                0x000000000800211a       0xac Drivers/STM32L4xx_HAL_Driver/Src/stm32l4xx_hal_pcd.o
                0x000000000800211a                HAL_PCD_EP_ClrStall
 .text.PCD_WriteEmptyTxFifo
                0x00000000080021c6      0x110 Drivers/STM32L4xx_HAL_Driver/Src/stm32l4xx_hal_pcd.o
 *fill*         0x00000000080022d6        0x2 
 .text.PCD_EP_OutXfrComplete_int
                0x00000000080022d8       0x9c Drivers/STM32L4xx_HAL_Driver/Src/stm32l4xx_hal_pcd.o
 .text.PCD_EP_OutSetupPacket_int
                0x0000000008002374       0x68 Drivers/STM32L4xx_HAL_Driver/Src/stm32l4xx_hal_pcd.o
 .text.HAL_PWREx_GetVoltageRange
                0x00000000080023dc       0x40 Drivers/STM32L4xx_HAL_Driver/Src/stm32l4xx_hal_pwr_ex.o
                0x00000000080023dc                HAL_PWREx_GetVoltageRange
 .text.HAL_PWREx_ControlVoltageScaling
                0x000000000800241c      0x148 Drivers/STM32L4xx_HAL_Driver/Src/stm32l4xx_hal_pwr_ex.o
                0x000000000800241c                HAL_PWREx_ControlVoltageScaling
 .text.HAL_RCC_OscConfig
                0x0000000008002564      0x84c Drivers/STM32L4xx_HAL_Driver/Src/stm32l4xx_hal_rcc.o
                0x0000000008002564                HAL_RCC_OscConfig
 .text.HAL_RCC_ClockConfig
                0x0000000008002db0      0x258 Drivers/STM32L4xx_HAL_Driver/Src/stm32l4xx_hal_rcc.o
                0x0000000008002db0                HAL_RCC_ClockConfig
 .text.HAL_RCC_GetSysClockFreq
                0x0000000008003008      0x114 Drivers/STM32L4xx_HAL_Driver/Src/stm32l4xx_hal_rcc.o
                0x0000000008003008                HAL_RCC_GetSysClockFreq
 .text.HAL_RCC_GetHCLKFreq
                0x000000000800311c       0x18 Drivers/STM32L4xx_HAL_Driver/Src/stm32l4xx_hal_rcc.o
                0x000000000800311c                HAL_RCC_GetHCLKFreq
 .text.HAL_RCC_GetPCLK1Freq
                0x0000000008003134       0x2c Drivers/STM32L4xx_HAL_Driver/Src/stm32l4xx_hal_rcc.o
                0x0000000008003134                HAL_RCC_GetPCLK1Freq
 .text.HAL_RCC_GetPCLK2Freq
                0x0000000008003160       0x2c Drivers/STM32L4xx_HAL_Driver/Src/stm32l4xx_hal_rcc.o
                0x0000000008003160                HAL_RCC_GetPCLK2Freq
 .text.HAL_RCC_GetOscConfig
                0x000000000800318c      0x194 Drivers/STM32L4xx_HAL_Driver/Src/stm32l4xx_hal_rcc.o
                0x000000000800318c                HAL_RCC_GetOscConfig
 .text.HAL_RCC_GetClockConfig
                0x0000000008003320       0x64 Drivers/STM32L4xx_HAL_Driver/Src/stm32l4xx_hal_rcc.o
                0x0000000008003320                HAL_RCC_GetClockConfig
 .text.RCC_SetFlashLatencyFromMSIRange
                0x0000000008003384       0xb4 Drivers/STM32L4xx_HAL_Driver/Src/stm32l4xx_hal_rcc.o
 .text.RCC_GetSysClockFreqFromPLLSource
                0x0000000008003438       0xd0 Drivers/STM32L4xx_HAL_Driver/Src/stm32l4xx_hal_rcc.o
 .text.HAL_RCCEx_PeriphCLKConfig
                0x0000000008003508      0x650 Drivers/STM32L4xx_HAL_Driver/Src/stm32l4xx_hal_rcc_ex.o
                0x0000000008003508                HAL_RCCEx_PeriphCLKConfig
 .text.RCCEx_PLLSAI1_Config
                0x0000000008003b58      0x1e0 Drivers/STM32L4xx_HAL_Driver/Src/stm32l4xx_hal_rcc_ex.o
 .text.RCCEx_PLLSAI2_Config
                0x0000000008003d38      0x1e0 Drivers/STM32L4xx_HAL_Driver/Src/stm32l4xx_hal_rcc_ex.o
 .text.HAL_UART_IRQHandler
                0x0000000008003f18      0x300 Drivers/STM32L4xx_HAL_Driver/Src/stm32l4xx_hal_uart.o
                0x0000000008003f18                HAL_UART_IRQHandler
 .text.HAL_UART_TxCpltCallback
                0x0000000008004218       0x14 Drivers/STM32L4xx_HAL_Driver/Src/stm32l4xx_hal_uart.o
                0x0000000008004218                HAL_UART_TxCpltCallback
 .text.HAL_UART_ErrorCallback
                0x000000000800422c       0x14 Drivers/STM32L4xx_HAL_Driver/Src/stm32l4xx_hal_uart.o
                0x000000000800422c                HAL_UART_ErrorCallback
 .text.UART_EndRxTransfer
                0x0000000008004240       0x46 Drivers/STM32L4xx_HAL_Driver/Src/stm32l4xx_hal_uart.o
 .text.UART_DMAAbortOnError
                0x0000000008004286       0x2c Drivers/STM32L4xx_HAL_Driver/Src/stm32l4xx_hal_uart.o
 .text.UART_EndTransmit_IT
                0x00000000080042b2       0x34 Drivers/STM32L4xx_HAL_Driver/Src/stm32l4xx_hal_uart.o
 .text.HAL_UARTEx_WakeupCallback
                0x00000000080042e6       0x14 Drivers/STM32L4xx_HAL_Driver/Src/stm32l4xx_hal_uart_ex.o
                0x00000000080042e6                HAL_UARTEx_WakeupCallback
 .text.HAL_UARTEx_RxFifoFullCallback
                0x00000000080042fa       0x14 Drivers/STM32L4xx_HAL_Driver/Src/stm32l4xx_hal_uart_ex.o
                0x00000000080042fa                HAL_UARTEx_RxFifoFullCallback
 .text.HAL_UARTEx_TxFifoEmptyCallback
                0x000000000800430e       0x14 Drivers/STM32L4xx_HAL_Driver/Src/stm32l4xx_hal_uart_ex.o
                0x000000000800430e                HAL_UARTEx_TxFifoEmptyCallback
 *fill*         0x0000000008004322        0x2 
 .text.USB_SetTurnaroundTime
                0x0000000008004324      0x138 Drivers/STM32L4xx_HAL_Driver/Src/stm32l4xx_ll_usb.o
                0x0000000008004324                USB_SetTurnaroundTime
 .text.USB_FlushTxFifo
                0x000000000800445c       0x4c Drivers/STM32L4xx_HAL_Driver/Src/stm32l4xx_ll_usb.o
                0x000000000800445c                USB_FlushTxFifo
 .text.USB_GetDevSpeed
                0x00000000080044a8       0x3e Drivers/STM32L4xx_HAL_Driver/Src/stm32l4xx_ll_usb.o
                0x00000000080044a8                USB_GetDevSpeed
 .text.USB_ActivateEndpoint
                0x00000000080044e6      0x10e Drivers/STM32L4xx_HAL_Driver/Src/stm32l4xx_ll_usb.o
                0x00000000080044e6                USB_ActivateEndpoint
 .text.USB_EPStartXfer
                0x00000000080045f4      0x3b8 Drivers/STM32L4xx_HAL_Driver/Src/stm32l4xx_ll_usb.o
                0x00000000080045f4                USB_EPStartXfer
 .text.USB_EP0StartXfer
                0x00000000080049ac      0x23c Drivers/STM32L4xx_HAL_Driver/Src/stm32l4xx_ll_usb.o
                0x00000000080049ac                USB_EP0StartXfer
 .text.USB_WritePacket
                0x0000000008004be8       0x62 Drivers/STM32L4xx_HAL_Driver/Src/stm32l4xx_ll_usb.o
                0x0000000008004be8                USB_WritePacket
 .text.USB_ReadPacket
                0x0000000008004c4a       0x52 Drivers/STM32L4xx_HAL_Driver/Src/stm32l4xx_ll_usb.o
                0x0000000008004c4a                USB_ReadPacket
 .text.USB_EPSetStall
                0x0000000008004c9c       0xdc Drivers/STM32L4xx_HAL_Driver/Src/stm32l4xx_ll_usb.o
                0x0000000008004c9c                USB_EPSetStall
 .text.USB_EPClearStall
                0x0000000008004d78       0xcc Drivers/STM32L4xx_HAL_Driver/Src/stm32l4xx_ll_usb.o
                0x0000000008004d78                USB_EPClearStall
 .text.USB_SetDevAddress
                0x0000000008004e44       0x4c Drivers/STM32L4xx_HAL_Driver/Src/stm32l4xx_ll_usb.o
                0x0000000008004e44                USB_SetDevAddress
 .text.USB_ReadInterrupts
                0x0000000008004e90       0x26 Drivers/STM32L4xx_HAL_Driver/Src/stm32l4xx_ll_usb.o
                0x0000000008004e90                USB_ReadInterrupts
 .text.USB_ReadDevAllOutEpInterrupt
                0x0000000008004eb6       0x34 Drivers/STM32L4xx_HAL_Driver/Src/stm32l4xx_ll_usb.o
                0x0000000008004eb6                USB_ReadDevAllOutEpInterrupt
 .text.USB_ReadDevAllInEpInterrupt
                0x0000000008004eea       0x34 Drivers/STM32L4xx_HAL_Driver/Src/stm32l4xx_ll_usb.o
                0x0000000008004eea                USB_ReadDevAllInEpInterrupt
 .text.USB_ReadDevOutEPInterrupt
                0x0000000008004f1e       0x3c Drivers/STM32L4xx_HAL_Driver/Src/stm32l4xx_ll_usb.o
                0x0000000008004f1e                USB_ReadDevOutEPInterrupt
 .text.USB_ReadDevInEPInterrupt
                0x0000000008004f5a       0x5c Drivers/STM32L4xx_HAL_Driver/Src/stm32l4xx_ll_usb.o
                0x0000000008004f5a                USB_ReadDevInEPInterrupt
 .text.USB_GetMode
                0x0000000008004fb6       0x1c Drivers/STM32L4xx_HAL_Driver/Src/stm32l4xx_ll_usb.o
                0x0000000008004fb6                USB_GetMode
 .text.USB_ActivateSetup
                0x0000000008004fd2       0x46 Drivers/STM32L4xx_HAL_Driver/Src/stm32l4xx_ll_usb.o
                0x0000000008004fd2                USB_ActivateSetup
 .text.USB_EP0_OutStart
                0x0000000008005018       0x90 Drivers/STM32L4xx_HAL_Driver/Src/stm32l4xx_ll_usb.o
                0x0000000008005018                USB_EP0_OutStart
 .text.USBD_RunTestMode
                0x00000000080050a8       0x16 Middlewares/ST/STM32_USB_Device_Library/Core/Src/usbd_core.o
                0x00000000080050a8                USBD_RunTestMode
 .text.USBD_SetClassConfig
                0x00000000080050be       0x38 Middlewares/ST/STM32_USB_Device_Library/Core/Src/usbd_core.o
                0x00000000080050be                USBD_SetClassConfig
 .text.USBD_ClrClassConfig
                0x00000000080050f6       0x30 Middlewares/ST/STM32_USB_Device_Library/Core/Src/usbd_core.o
                0x00000000080050f6                USBD_ClrClassConfig
 .text.USBD_LL_SetupStage
                0x0000000008005126       0xa6 Middlewares/ST/STM32_USB_Device_Library/Core/Src/usbd_core.o
                0x0000000008005126                USBD_LL_SetupStage
 .text.USBD_LL_DataOutStage
                0x00000000080051cc       0xc6 Middlewares/ST/STM32_USB_Device_Library/Core/Src/usbd_core.o
                0x00000000080051cc                USBD_LL_DataOutStage
 .text.USBD_LL_DataInStage
                0x0000000008005292      0x12c Middlewares/ST/STM32_USB_Device_Library/Core/Src/usbd_core.o
                0x0000000008005292                USBD_LL_DataInStage
 .text.USBD_LL_Reset
                0x00000000080053be       0x82 Middlewares/ST/STM32_USB_Device_Library/Core/Src/usbd_core.o
                0x00000000080053be                USBD_LL_Reset
 .text.USBD_LL_SetSpeed
                0x0000000008005440       0x20 Middlewares/ST/STM32_USB_Device_Library/Core/Src/usbd_core.o
                0x0000000008005440                USBD_LL_SetSpeed
 .text.USBD_LL_Suspend
                0x0000000008005460       0x2a Middlewares/ST/STM32_USB_Device_Library/Core/Src/usbd_core.o
                0x0000000008005460                USBD_LL_Suspend
 .text.USBD_LL_Resume
                0x000000000800548a       0x2c Middlewares/ST/STM32_USB_Device_Library/Core/Src/usbd_core.o
                0x000000000800548a                USBD_LL_Resume
 .text.USBD_LL_SOF
                0x00000000080054b6       0x34 Middlewares/ST/STM32_USB_Device_Library/Core/Src/usbd_core.o
                0x00000000080054b6                USBD_LL_SOF
 .text.USBD_LL_IsoINIncomplete
                0x00000000080054ea       0x1a Middlewares/ST/STM32_USB_Device_Library/Core/Src/usbd_core.o
                0x00000000080054ea                USBD_LL_IsoINIncomplete
 .text.USBD_LL_IsoOUTIncomplete
                0x0000000008005504       0x1a Middlewares/ST/STM32_USB_Device_Library/Core/Src/usbd_core.o
                0x0000000008005504                USBD_LL_IsoOUTIncomplete
 .text.USBD_LL_DevConnected
                0x000000000800551e       0x16 Middlewares/ST/STM32_USB_Device_Library/Core/Src/usbd_core.o
                0x000000000800551e                USBD_LL_DevConnected
 .text.USBD_LL_DevDisconnected
                0x0000000008005534       0x38 Middlewares/ST/STM32_USB_Device_Library/Core/Src/usbd_core.o
                0x0000000008005534                USBD_LL_DevDisconnected
 .text.SWAPBYTE
                0x000000000800556c       0x3c Middlewares/ST/STM32_USB_Device_Library/Core/Src/usbd_ctlreq.o
 .text.USBD_StdDevReq
                0x00000000080055a8       0xdc Middlewares/ST/STM32_USB_Device_Library/Core/Src/usbd_ctlreq.o
                0x00000000080055a8                USBD_StdDevReq
 .text.USBD_StdItfReq
                0x0000000008005684       0x8c Middlewares/ST/STM32_USB_Device_Library/Core/Src/usbd_ctlreq.o
                0x0000000008005684                USBD_StdItfReq
 .text.USBD_StdEPReq
                0x0000000008005710      0x2ae Middlewares/ST/STM32_USB_Device_Library/Core/Src/usbd_ctlreq.o
                0x0000000008005710                USBD_StdEPReq
 *fill*         0x00000000080059be        0x2 
 .text.USBD_GetDescriptor
                0x00000000080059c0      0x328 Middlewares/ST/STM32_USB_Device_Library/Core/Src/usbd_ctlreq.o
 .text.USBD_SetAddress
                0x0000000008005ce8       0x84 Middlewares/ST/STM32_USB_Device_Library/Core/Src/usbd_ctlreq.o
 .text.USBD_SetConfig
                0x0000000008005d6c      0x148 Middlewares/ST/STM32_USB_Device_Library/Core/Src/usbd_ctlreq.o
 .text.USBD_GetConfig
                0x0000000008005eb4       0x68 Middlewares/ST/STM32_USB_Device_Library/Core/Src/usbd_ctlreq.o
 .text.USBD_GetStatus
                0x0000000008005f1c       0x66 Middlewares/ST/STM32_USB_Device_Library/Core/Src/usbd_ctlreq.o
 .text.USBD_SetFeature
                0x0000000008005f82       0x28 Middlewares/ST/STM32_USB_Device_Library/Core/Src/usbd_ctlreq.o
 .text.USBD_ClrFeature
                0x0000000008005faa       0x42 Middlewares/ST/STM32_USB_Device_Library/Core/Src/usbd_ctlreq.o
 .text.USBD_ParseSetupRequest
                0x0000000008005fec       0x74 Middlewares/ST/STM32_USB_Device_Library/Core/Src/usbd_ctlreq.o
                0x0000000008005fec                USBD_ParseSetupRequest
 .text.USBD_CtlError
                0x0000000008006060       0x22 Middlewares/ST/STM32_USB_Device_Library/Core/Src/usbd_ctlreq.o
                0x0000000008006060                USBD_CtlError
 .text.USBD_CtlSendData
                0x0000000008006082       0x36 Middlewares/ST/STM32_USB_Device_Library/Core/Src/usbd_ioreq.o
                0x0000000008006082                USBD_CtlSendData
 .text.USBD_CtlContinueSendData
                0x00000000080060b8       0x22 Middlewares/ST/STM32_USB_Device_Library/Core/Src/usbd_ioreq.o
                0x00000000080060b8                USBD_CtlContinueSendData
 .text.USBD_CtlContinueRx
                0x00000000080060da       0x22 Middlewares/ST/STM32_USB_Device_Library/Core/Src/usbd_ioreq.o
                0x00000000080060da                USBD_CtlContinueRx
 .text.USBD_CtlSendStatus
                0x00000000080060fc       0x26 Middlewares/ST/STM32_USB_Device_Library/Core/Src/usbd_ioreq.o
                0x00000000080060fc                USBD_CtlSendStatus
 .text.USBD_CtlReceiveStatus
                0x0000000008006122       0x26 Middlewares/ST/STM32_USB_Device_Library/Core/Src/usbd_ioreq.o
                0x0000000008006122                USBD_CtlReceiveStatus
 .text.Sys_InitStage2
                0x0000000008006148       0x88 Source/Application/System.o
                0x0000000008006148                Sys_InitStage2
 .text.Error_Log
                0x00000000080061d0       0x3c Source/Systemslayer/Error.o
 .text.Error_Handler_Init
                0x000000000800620c       0x20 Source/Systemslayer/Error.o
                0x000000000800620c                Error_Handler_Init
 .text.Error_Handler
                0x000000000800622c       0x28 Source/Systemslayer/Error.o
                0x000000000800622c                Error_Handler
 .text.HRT_Init
                0x0000000008006254       0x88 Source/Systemslayer/HRT.o
                0x0000000008006254                HRT_Init
 .text.HRT_GetTick
                0x00000000080062dc       0x18 Source/Systemslayer/HRT.o
                0x00000000080062dc                HRT_GetTick
 .text.HRT_Delay
                0x00000000080062f4       0x44 Source/Systemslayer/HRT.o
                0x00000000080062f4                HRT_Delay
 .text.__NVIC_EnableIRQ
                0x0000000008006338       0x3c Source/Systemslayer/PAL.o
 .text.__NVIC_SetPriority
                0x0000000008006374       0x54 Source/Systemslayer/PAL.o
 .text.NVIC_EncodePriority
                0x00000000080063c8       0x66 Source/Systemslayer/PAL.o
 *fill*         0x000000000800642e        0x2 
 .text.PAL_ConfigClocks
                0x0000000008006430      0x230 Source/Systemslayer/PAL.o
 .text.PAL_SetGPIODefaults
                0x0000000008006660      0x1e8 Source/Systemslayer/PAL.o
                0x0000000008006660                PAL_SetGPIODefaults
 .text.PAL_ConfigGPIOStage1
                0x0000000008006848      0x214 Source/Systemslayer/PAL.o
                0x0000000008006848                PAL_ConfigGPIOStage1
 .text.PAL_ConfigGPIOStage2
                0x0000000008006a5c      0x5c0 Source/Systemslayer/PAL.o
                0x0000000008006a5c                PAL_ConfigGPIOStage2
 .text.PAL_InitStage1
                0x000000000800701c       0x64 Source/Systemslayer/PAL.o
                0x000000000800701c                PAL_InitStage1
 .text.PAL_InitStage2
                0x0000000008007080        0xc Source/Systemslayer/PAL.o
                0x0000000008007080                PAL_InitStage2
 .text.PAL_NVIC_SetPriority
                0x000000000800708c       0x2c Source/Systemslayer/PAL.o
                0x000000000800708c                PAL_NVIC_SetPriority
 .text.PAL_NVIC_EnableIRQ
                0x00000000080070b8       0x1c Source/Systemslayer/PAL.o
                0x00000000080070b8                PAL_NVIC_EnableIRQ
 .text.PAL_SetIO
                0x00000000080070d4       0x1e Source/Systemslayer/PAL.o
                0x00000000080070d4                PAL_SetIO
 *fill*         0x00000000080070f2        0x2 
 .text.Power_InitStage2
                0x00000000080070f4       0x2c Source/Systemslayer/Power.o
                0x00000000080070f4                Power_InitStage2
 .text.HAL_PCD_SetupStageCallback
                0x0000000008007120       0x24 USB_DEVICE/Target/usbd_conf.o
                0x0000000008007120                HAL_PCD_SetupStageCallback
 .text.HAL_PCD_DataOutStageCallback
                0x0000000008007144       0x36 USB_DEVICE/Target/usbd_conf.o
                0x0000000008007144                HAL_PCD_DataOutStageCallback
 .text.HAL_PCD_DataInStageCallback
                0x000000000800717a       0x34 USB_DEVICE/Target/usbd_conf.o
                0x000000000800717a                HAL_PCD_DataInStageCallback
 .text.HAL_PCD_SOFCallback
                0x00000000080071ae       0x1c USB_DEVICE/Target/usbd_conf.o
                0x00000000080071ae                HAL_PCD_SOFCallback
 .text.HAL_PCD_ResetCallback
                0x00000000080071ca       0x30 USB_DEVICE/Target/usbd_conf.o
                0x00000000080071ca                HAL_PCD_ResetCallback
 *fill*         0x00000000080071fa        0x2 
 .text.HAL_PCD_SuspendCallback
                0x00000000080071fc       0x4c USB_DEVICE/Target/usbd_conf.o
                0x00000000080071fc                HAL_PCD_SuspendCallback
 .text.HAL_PCD_ResumeCallback
                0x0000000008007248       0x50 USB_DEVICE/Target/usbd_conf.o
                0x0000000008007248                HAL_PCD_ResumeCallback
 .text.HAL_PCD_ISOOUTIncompleteCallback
                0x0000000008007298       0x24 USB_DEVICE/Target/usbd_conf.o
                0x0000000008007298                HAL_PCD_ISOOUTIncompleteCallback
 .text.HAL_PCD_ISOINIncompleteCallback
                0x00000000080072bc       0x24 USB_DEVICE/Target/usbd_conf.o
                0x00000000080072bc                HAL_PCD_ISOINIncompleteCallback
 .text.HAL_PCD_ConnectCallback
                0x00000000080072e0       0x1c USB_DEVICE/Target/usbd_conf.o
                0x00000000080072e0                HAL_PCD_ConnectCallback
 .text.HAL_PCD_DisconnectCallback
                0x00000000080072fc       0x1c USB_DEVICE/Target/usbd_conf.o
                0x00000000080072fc                HAL_PCD_DisconnectCallback
 .text.USBD_LL_OpenEP
                0x0000000008007318       0x7c USB_DEVICE/Target/usbd_conf.o
                0x0000000008007318                USBD_LL_OpenEP
 .text.USBD_LL_StallEP
                0x0000000008007394       0x6c USB_DEVICE/Target/usbd_conf.o
                0x0000000008007394                USBD_LL_StallEP
 .text.USBD_LL_ClearStallEP
                0x0000000008007400       0x6c USB_DEVICE/Target/usbd_conf.o
                0x0000000008007400                USBD_LL_ClearStallEP
 .text.USBD_LL_IsStallEP
                0x000000000800746c       0x58 USB_DEVICE/Target/usbd_conf.o
                0x000000000800746c                USBD_LL_IsStallEP
 .text.USBD_LL_SetUSBAddress
                0x00000000080074c4       0x6c USB_DEVICE/Target/usbd_conf.o
                0x00000000080074c4                USBD_LL_SetUSBAddress
 .text.USBD_LL_Transmit
                0x0000000008007530       0x70 USB_DEVICE/Target/usbd_conf.o
                0x0000000008007530                USBD_LL_Transmit
 .text.USBD_LL_PrepareReceive
                0x00000000080075a0       0x70 USB_DEVICE/Target/usbd_conf.o
                0x00000000080075a0                USBD_LL_PrepareReceive
 .text.HAL_PCDEx_LPM_Callback
                0x0000000008007610       0x9c USB_DEVICE/Target/usbd_conf.o
                0x0000000008007610                HAL_PCDEx_LPM_Callback
 .text.SystemClockConfig_Resume
                0x00000000080076ac        0xe USB_DEVICE/Target/usbd_conf.o
 *fill*         0x00000000080076ba        0x2 
 .text.__libc_init_array
                0x00000000080076bc       0x48 c:/st/stm32cubeide_1.4.0/stm32cubeide/plugins/com.st.stm32cube.ide.mcu.externaltools.gnu-tools-for-stm32.7-2018-q2-update.win32_1.4.0.202007081208/tools/bin/../lib/gcc/arm-none-eabi/7.3.1/../../../../arm-none-eabi/lib/thumb/v7e-m/fpv4-sp/hard\libc_nano.a(lib_a-init.o)
                0x00000000080076bc                __libc_init_array
 .text.memset   0x0000000008007704       0x10 c:/st/stm32cubeide_1.4.0/stm32cubeide/plugins/com.st.stm32cube.ide.mcu.externaltools.gnu-tools-for-stm32.7-2018-q2-update.win32_1.4.0.202007081208/tools/bin/../lib/gcc/arm-none-eabi/7.3.1/../../../../arm-none-eabi/lib/thumb/v7e-m/fpv4-sp/hard\libc_nano.a(lib_a-memset.o)
                0x0000000008007704                memset
 *(.glue_7)
 .glue_7        0x0000000008007714        0x0 linker stubs
 *(.glue_7t)
 .glue_7t       0x0000000008007714        0x0 linker stubs
 *(.eh_frame)
 .eh_frame      0x0000000008007714        0x0 c:/st/stm32cubeide_1.4.0/stm32cubeide/plugins/com.st.stm32cube.ide.mcu.externaltools.gnu-tools-for-stm32.7-2018-q2-update.win32_1.4.0.202007081208/tools/bin/../lib/gcc/arm-none-eabi/7.3.1/thumb/v7e-m/fpv4-sp/hard/crtbegin.o
 *(.init)
 .init          0x0000000008007714        0x4 c:/st/stm32cubeide_1.4.0/stm32cubeide/plugins/com.st.stm32cube.ide.mcu.externaltools.gnu-tools-for-stm32.7-2018-q2-update.win32_1.4.0.202007081208/tools/bin/../lib/gcc/arm-none-eabi/7.3.1/thumb/v7e-m/fpv4-sp/hard/crti.o
                0x0000000008007714                _init
 .init          0x0000000008007718        0x8 c:/st/stm32cubeide_1.4.0/stm32cubeide/plugins/com.st.stm32cube.ide.mcu.externaltools.gnu-tools-for-stm32.7-2018-q2-update.win32_1.4.0.202007081208/tools/bin/../lib/gcc/arm-none-eabi/7.3.1/thumb/v7e-m/fpv4-sp/hard/crtn.o
 *(.fini)
 .fini          0x0000000008007720        0x4 c:/st/stm32cubeide_1.4.0/stm32cubeide/plugins/com.st.stm32cube.ide.mcu.externaltools.gnu-tools-for-stm32.7-2018-q2-update.win32_1.4.0.202007081208/tools/bin/../lib/gcc/arm-none-eabi/7.3.1/thumb/v7e-m/fpv4-sp/hard/crti.o
                0x0000000008007720                _fini
 .fini          0x0000000008007724        0x8 c:/st/stm32cubeide_1.4.0/stm32cubeide/plugins/com.st.stm32cube.ide.mcu.externaltools.gnu-tools-for-stm32.7-2018-q2-update.win32_1.4.0.202007081208/tools/bin/../lib/gcc/arm-none-eabi/7.3.1/thumb/v7e-m/fpv4-sp/hard/crtn.o
                0x000000000800772c                . = ALIGN (0x4)
                0x000000000800772c                _etext = .

.vfp11_veneer   0x000000000800772c        0x0
 .vfp11_veneer  0x000000000800772c        0x0 linker stubs

.v4_bx          0x000000000800772c        0x0
 .v4_bx         0x000000000800772c        0x0 linker stubs

.iplt           0x000000000800772c        0x0
 .iplt          0x000000000800772c        0x0 c:/st/stm32cubeide_1.4.0/stm32cubeide/plugins/com.st.stm32cube.ide.mcu.externaltools.gnu-tools-for-stm32.7-2018-q2-update.win32_1.4.0.202007081208/tools/bin/../lib/gcc/arm-none-eabi/7.3.1/thumb/v7e-m/fpv4-sp/hard/crtbegin.o

.rodata         0x000000000800772c      0x118
                0x000000000800772c                . = ALIGN (0x4)
 *(.rodata)
 .rodata        0x000000000800772c       0x7e Source/Systemslayer/Error.o
 *(.rodata*)
 *fill*         0x00000000080077aa        0x2 
 .rodata.AHBPrescTable
                0x00000000080077ac       0x10 Core/Src/system_stm32l4xx.o
                0x00000000080077ac                AHBPrescTable
 .rodata.APBPrescTable
                0x00000000080077bc        0x8 Core/Src/system_stm32l4xx.o
                0x00000000080077bc                APBPrescTable
 .rodata.MSIRangeTable
                0x00000000080077c4       0x30 Core/Src/system_stm32l4xx.o
                0x00000000080077c4                MSIRangeTable
 .rodata.ErrorHandler
                0x00000000080077f4       0x50 Source/Systemslayer/Error.o
                0x0000000008007844                . = ALIGN (0x4)

.rel.dyn        0x0000000008007844        0x0
 .rel.iplt      0x0000000008007844        0x0 c:/st/stm32cubeide_1.4.0/stm32cubeide/plugins/com.st.stm32cube.ide.mcu.externaltools.gnu-tools-for-stm32.7-2018-q2-update.win32_1.4.0.202007081208/tools/bin/../lib/gcc/arm-none-eabi/7.3.1/thumb/v7e-m/fpv4-sp/hard/crtbegin.o

.ARM.extab      0x0000000008007844        0x0
                0x0000000008007844                . = ALIGN (0x4)
 *(.ARM.extab* .gnu.linkonce.armextab.*)
                0x0000000008007844                . = ALIGN (0x4)

.ARM            0x0000000008007844        0x0
                0x0000000008007844                . = ALIGN (0x4)
                0x0000000008007844                __exidx_start = .
 *(.ARM.exidx*)
                0x0000000008007844                __exidx_end = .
                0x0000000008007844                . = ALIGN (0x4)

.preinit_array  0x0000000008007844        0x0
                0x0000000008007844                . = ALIGN (0x4)
                0x0000000008007844                PROVIDE (__preinit_array_start = .)
 *(.preinit_array*)
                0x0000000008007844                PROVIDE (__preinit_array_end = .)
                0x0000000008007844                . = ALIGN (0x4)

.init_array     0x0000000008007844        0x4
                0x0000000008007844                . = ALIGN (0x4)
                0x0000000008007844                PROVIDE (__init_array_start = .)
 *(SORT_BY_NAME(.init_array.*))
 *(.init_array*)
 .init_array    0x0000000008007844        0x4 c:/st/stm32cubeide_1.4.0/stm32cubeide/plugins/com.st.stm32cube.ide.mcu.externaltools.gnu-tools-for-stm32.7-2018-q2-update.win32_1.4.0.202007081208/tools/bin/../lib/gcc/arm-none-eabi/7.3.1/thumb/v7e-m/fpv4-sp/hard/crtbegin.o
                0x0000000008007848                PROVIDE (__init_array_end = .)
                0x0000000008007848                . = ALIGN (0x4)

.fini_array     0x0000000008007848        0x4
                0x0000000008007848                . = ALIGN (0x4)
                [!provide]                        PROVIDE (__fini_array_start = .)
 *(SORT_BY_NAME(.fini_array.*))
 *(.fini_array*)
 .fini_array    0x0000000008007848        0x4 c:/st/stm32cubeide_1.4.0/stm32cubeide/plugins/com.st.stm32cube.ide.mcu.externaltools.gnu-tools-for-stm32.7-2018-q2-update.win32_1.4.0.202007081208/tools/bin/../lib/gcc/arm-none-eabi/7.3.1/thumb/v7e-m/fpv4-sp/hard/crtbegin.o
                [!provide]                        PROVIDE (__fini_array_end = .)
                0x000000000800784c                . = ALIGN (0x4)
                0x000000000800784c                _sidata = LOADADDR (.data)

.data           0x0000000020000000        0xc load address 0x000000000800784c
                0x0000000020000000                . = ALIGN (0x4)
                0x0000000020000000                _sdata = .
 *(.data)
 *(.data*)
 .data.SystemCoreClock
                0x0000000020000000        0x4 Core/Src/system_stm32l4xx.o
                0x0000000020000000                SystemCoreClock
 .data.uwTickPrio
                0x0000000020000004        0x4 Drivers/STM32L4xx_HAL_Driver/Src/stm32l4xx_hal.o
                0x0000000020000004                uwTickPrio
 .data.uwTickFreq
                0x0000000020000008        0x1 Drivers/STM32L4xx_HAL_Driver/Src/stm32l4xx_hal.o
                0x0000000020000008                uwTickFreq
                0x000000002000000c                . = ALIGN (0x4)
 *fill*         0x0000000020000009        0x3 
                0x000000002000000c                _edata = .

.igot.plt       0x000000002000000c        0x0 load address 0x0000000008007858
 .igot.plt      0x000000002000000c        0x0 c:/st/stm32cubeide_1.4.0/stm32cubeide/plugins/com.st.stm32cube.ide.mcu.externaltools.gnu-tools-for-stm32.7-2018-q2-update.win32_1.4.0.202007081208/tools/bin/../lib/gcc/arm-none-eabi/7.3.1/thumb/v7e-m/fpv4-sp/hard/crtbegin.o
                0x000000002000000c                . = ALIGN (0x4)

.bss            0x000000002000000c      0x6ec load address 0x0000000008007858
                0x000000002000000c                _sbss = .
                0x000000002000000c                __bss_start__ = _sbss
 *(.bss)
 .bss           0x000000002000000c       0x1c c:/st/stm32cubeide_1.4.0/stm32cubeide/plugins/com.st.stm32cube.ide.mcu.externaltools.gnu-tools-for-stm32.7-2018-q2-update.win32_1.4.0.202007081208/tools/bin/../lib/gcc/arm-none-eabi/7.3.1/thumb/v7e-m/fpv4-sp/hard/crtbegin.o
 *(.bss*)
 .bss.cfgidx.10706
                0x0000000020000028        0x1 Middlewares/ST/STM32_USB_Device_Library/Core/Src/usbd_ctlreq.o
 *fill*         0x0000000020000029        0x3 
 .bss.Sys       0x000000002000002c       0x38 Source/Application/System.o
 .bss.Log       0x0000000020000064       0x64 Source/Systemslayer/Error.o
 .bss.errorCount
                0x00000000200000c8        0x4 Source/Systemslayer/Error.o
 .bss.HRTick    0x00000000200000cc        0x4 Source/Systemslayer/HRT.o
                0x00000000200000cc                HRTick
 *(COMMON)
 COMMON         0x00000000200000d0      0x1b0 Core/Src/main.o
                0x00000000200000d0                hi2c1
                0x000000002000011c                hi2c2
                0x0000000020000168                huart4
                0x00000000200001f4                huart2
 COMMON         0x0000000020000280        0x4 Drivers/STM32L4xx_HAL_Driver/Src/stm32l4xx_hal.o
                0x0000000020000280                uwTick
 COMMON         0x0000000020000284       0x6c Source/Systemslayer/PAL.o
                0x0000000020000284                dRCC_ClkInitStruct
                0x0000000020000298                dRCC_OscInitStruct
                0x00000000200002dc                dFLatency
                0x00000000200002e0                dClockFreqs
 COMMON         0x00000000200002f0      0x408 USB_DEVICE/Target/usbd_conf.o
                0x00000000200002f0                hpcd_USB_OTG_FS
                0x00000000200006f8                . = ALIGN (0x4)
                0x00000000200006f8                _ebss = .
                0x00000000200006f8                __bss_end__ = _ebss

._user_heap_stack
                0x00000000200006f8      0x600 load address 0x0000000008007858
                0x00000000200006f8                . = ALIGN (0x8)
                [!provide]                        PROVIDE (end = .)
                0x00000000200006f8                PROVIDE (_end = .)
                0x00000000200008f8                . = (. + _Min_Heap_Size)
 *fill*         0x00000000200006f8      0x200 
                0x0000000020000cf8                . = (. + _Min_Stack_Size)
 *fill*         0x00000000200008f8      0x400 
                0x0000000020000cf8                . = ALIGN (0x8)

/DISCARD/
 libc.a(*)
 libm.a(*)
 libgcc.a(*)

.ARM.attributes
                0x0000000000000000       0x30
 *(.ARM.attributes)
 .ARM.attributes
                0x0000000000000000       0x22 c:/st/stm32cubeide_1.4.0/stm32cubeide/plugins/com.st.stm32cube.ide.mcu.externaltools.gnu-tools-for-stm32.7-2018-q2-update.win32_1.4.0.202007081208/tools/bin/../lib/gcc/arm-none-eabi/7.3.1/thumb/v7e-m/fpv4-sp/hard/crti.o
 .ARM.attributes
                0x0000000000000022       0x34 c:/st/stm32cubeide_1.4.0/stm32cubeide/plugins/com.st.stm32cube.ide.mcu.externaltools.gnu-tools-for-stm32.7-2018-q2-update.win32_1.4.0.202007081208/tools/bin/../lib/gcc/arm-none-eabi/7.3.1/thumb/v7e-m/fpv4-sp/hard/crtbegin.o
 .ARM.attributes
                0x0000000000000056       0x39 Core/Src/main.o
 .ARM.attributes
                0x000000000000008f       0x39 Core/Src/stm32l4xx_hal_msp.o
 .ARM.attributes
                0x00000000000000c8       0x39 Core/Src/stm32l4xx_it.o
 .ARM.attributes
                0x0000000000000101       0x39 Core/Src/system_stm32l4xx.o
 .ARM.attributes
                0x000000000000013a       0x21 Core/Startup/startup_stm32l4r5vitx.o
 .ARM.attributes
                0x000000000000015b       0x39 Drivers/STM32L4xx_HAL_Driver/Src/stm32l4xx_hal.o
 .ARM.attributes
                0x0000000000000194       0x39 Drivers/STM32L4xx_HAL_Driver/Src/stm32l4xx_hal_cortex.o
 .ARM.attributes
                0x00000000000001cd       0x39 Drivers/STM32L4xx_HAL_Driver/Src/stm32l4xx_hal_dma.o
 .ARM.attributes
                0x0000000000000206       0x39 Drivers/STM32L4xx_HAL_Driver/Src/stm32l4xx_hal_gpio.o
 .ARM.attributes
                0x000000000000023f       0x39 Drivers/STM32L4xx_HAL_Driver/Src/stm32l4xx_hal_i2c.o
 .ARM.attributes
                0x0000000000000278       0x39 Drivers/STM32L4xx_HAL_Driver/Src/stm32l4xx_hal_pcd.o
 .ARM.attributes
                0x00000000000002b1       0x39 Drivers/STM32L4xx_HAL_Driver/Src/stm32l4xx_hal_pwr_ex.o
 .ARM.attributes
                0x00000000000002ea       0x39 Drivers/STM32L4xx_HAL_Driver/Src/stm32l4xx_hal_rcc.o
 .ARM.attributes
                0x0000000000000323       0x39 Drivers/STM32L4xx_HAL_Driver/Src/stm32l4xx_hal_rcc_ex.o
 .ARM.attributes
                0x000000000000035c       0x39 Drivers/STM32L4xx_HAL_Driver/Src/stm32l4xx_hal_uart.o
 .ARM.attributes
                0x0000000000000395       0x39 Drivers/STM32L4xx_HAL_Driver/Src/stm32l4xx_hal_uart_ex.o
 .ARM.attributes
                0x00000000000003ce       0x39 Drivers/STM32L4xx_HAL_Driver/Src/stm32l4xx_ll_usb.o
 .ARM.attributes
                0x0000000000000407       0x39 Middlewares/ST/STM32_USB_Device_Library/Core/Src/usbd_core.o
 .ARM.attributes
                0x0000000000000440       0x39 Middlewares/ST/STM32_USB_Device_Library/Core/Src/usbd_ctlreq.o
 .ARM.attributes
                0x0000000000000479       0x39 Middlewares/ST/STM32_USB_Device_Library/Core/Src/usbd_ioreq.o
 .ARM.attributes
                0x00000000000004b2       0x39 Source/Application/System.o
 .ARM.attributes
                0x00000000000004eb       0x39 Source/Systemslayer/Error.o
 .ARM.attributes
                0x0000000000000524       0x39 Source/Systemslayer/HRT.o
 .ARM.attributes
                0x000000000000055d       0x39 Source/Systemslayer/PAL.o
 .ARM.attributes
                0x0000000000000596       0x39 Source/Systemslayer/Power.o
 .ARM.attributes
                0x00000000000005cf       0x39 USB_DEVICE/Target/usbd_conf.o
 .ARM.attributes
                0x0000000000000608       0x34 c:/st/stm32cubeide_1.4.0/stm32cubeide/plugins/com.st.stm32cube.ide.mcu.externaltools.gnu-tools-for-stm32.7-2018-q2-update.win32_1.4.0.202007081208/tools/bin/../lib/gcc/arm-none-eabi/7.3.1/../../../../arm-none-eabi/lib/thumb/v7e-m/fpv4-sp/hard\libc_nano.a(lib_a-init.o)
 .ARM.attributes
                0x000000000000063c       0x34 c:/st/stm32cubeide_1.4.0/stm32cubeide/plugins/com.st.stm32cube.ide.mcu.externaltools.gnu-tools-for-stm32.7-2018-q2-update.win32_1.4.0.202007081208/tools/bin/../lib/gcc/arm-none-eabi/7.3.1/../../../../arm-none-eabi/lib/thumb/v7e-m/fpv4-sp/hard\libc_nano.a(lib_a-memset.o)
 .ARM.attributes
                0x0000000000000670       0x22 c:/st/stm32cubeide_1.4.0/stm32cubeide/plugins/com.st.stm32cube.ide.mcu.externaltools.gnu-tools-for-stm32.7-2018-q2-update.win32_1.4.0.202007081208/tools/bin/../lib/gcc/arm-none-eabi/7.3.1/thumb/v7e-m/fpv4-sp/hard/crtn.o
OUTPUT(TCM.elf elf32-littlearm)

.debug_info     0x0000000000000000    0x1e1cc
 .debug_info    0x0000000000000000     0x157d Core/Src/main.o
 .debug_info    0x000000000000157d     0x134d Core/Src/stm32l4xx_hal_msp.o
 .debug_info    0x00000000000028ca     0x11dc Core/Src/stm32l4xx_it.o
 .debug_info    0x0000000000003aa6      0x797 Core/Src/system_stm32l4xx.o
 .debug_info    0x000000000000423d       0x22 Core/Startup/startup_stm32l4r5vitx.o
 .debug_info    0x000000000000425f      0xcb5 Drivers/STM32L4xx_HAL_Driver/Src/stm32l4xx_hal.o
 .debug_info    0x0000000000004f14      0xfc1 Drivers/STM32L4xx_HAL_Driver/Src/stm32l4xx_hal_cortex.o
 .debug_info    0x0000000000005ed5      0xa7b Drivers/STM32L4xx_HAL_Driver/Src/stm32l4xx_hal_dma.o
 .debug_info    0x0000000000006950      0xa1c Drivers/STM32L4xx_HAL_Driver/Src/stm32l4xx_hal_gpio.o
 .debug_info    0x000000000000736c     0x2239 Drivers/STM32L4xx_HAL_Driver/Src/stm32l4xx_hal_i2c.o
 .debug_info    0x00000000000095a5     0x12e7 Drivers/STM32L4xx_HAL_Driver/Src/stm32l4xx_hal_pcd.o
 .debug_info    0x000000000000a88c      0xbfd Drivers/STM32L4xx_HAL_Driver/Src/stm32l4xx_hal_pwr_ex.o
 .debug_info    0x000000000000b489      0xe70 Drivers/STM32L4xx_HAL_Driver/Src/stm32l4xx_hal_rcc.o
 .debug_info    0x000000000000c2f9     0x1293 Drivers/STM32L4xx_HAL_Driver/Src/stm32l4xx_hal_rcc_ex.o
 .debug_info    0x000000000000d58c     0x1b35 Drivers/STM32L4xx_HAL_Driver/Src/stm32l4xx_hal_uart.o
 .debug_info    0x000000000000f0c1      0xd2a Drivers/STM32L4xx_HAL_Driver/Src/stm32l4xx_hal_uart_ex.o
 .debug_info    0x000000000000fdeb     0x1a6c Drivers/STM32L4xx_HAL_Driver/Src/stm32l4xx_ll_usb.o
 .debug_info    0x0000000000011857     0x13e4 Middlewares/ST/STM32_USB_Device_Library/Core/Src/usbd_core.o
 .debug_info    0x0000000000012c3b     0x13ae Middlewares/ST/STM32_USB_Device_Library/Core/Src/usbd_ctlreq.o
 .debug_info    0x0000000000013fe9     0x10f9 Middlewares/ST/STM32_USB_Device_Library/Core/Src/usbd_ioreq.o
 .debug_info    0x00000000000150e2     0x183d Source/Application/System.o
 .debug_info    0x000000000001691f      0xe0d Source/Systemslayer/Error.o
 .debug_info    0x000000000001772c     0x123e Source/Systemslayer/HRT.o
 .debug_info    0x000000000001896a     0x1edf Source/Systemslayer/PAL.o
 .debug_info    0x000000000001a849     0x15ea Source/Systemslayer/Power.o
 .debug_info    0x000000000001be33     0x2399 USB_DEVICE/Target/usbd_conf.o

.debug_abbrev   0x0000000000000000     0x3803
 .debug_abbrev  0x0000000000000000      0x1e7 Core/Src/main.o
 .debug_abbrev  0x00000000000001e7      0x1c9 Core/Src/stm32l4xx_hal_msp.o
 .debug_abbrev  0x00000000000003b0      0x1b3 Core/Src/stm32l4xx_it.o
 .debug_abbrev  0x0000000000000563      0x150 Core/Src/system_stm32l4xx.o
 .debug_abbrev  0x00000000000006b3       0x12 Core/Startup/startup_stm32l4r5vitx.o
 .debug_abbrev  0x00000000000006c5      0x1fb Drivers/STM32L4xx_HAL_Driver/Src/stm32l4xx_hal.o
 .debug_abbrev  0x00000000000008c0      0x2fa Drivers/STM32L4xx_HAL_Driver/Src/stm32l4xx_hal_cortex.o
 .debug_abbrev  0x0000000000000bba      0x1d9 Drivers/STM32L4xx_HAL_Driver/Src/stm32l4xx_hal_dma.o
 .debug_abbrev  0x0000000000000d93      0x1c0 Drivers/STM32L4xx_HAL_Driver/Src/stm32l4xx_hal_gpio.o
 .debug_abbrev  0x0000000000000f53      0x22a Drivers/STM32L4xx_HAL_Driver/Src/stm32l4xx_hal_i2c.o
 .debug_abbrev  0x000000000000117d      0x266 Drivers/STM32L4xx_HAL_Driver/Src/stm32l4xx_hal_pcd.o
 .debug_abbrev  0x00000000000013e3      0x1cb Drivers/STM32L4xx_HAL_Driver/Src/stm32l4xx_hal_pwr_ex.o
 .debug_abbrev  0x00000000000015ae      0x27b Drivers/STM32L4xx_HAL_Driver/Src/stm32l4xx_hal_rcc.o
 .debug_abbrev  0x0000000000001829      0x238 Drivers/STM32L4xx_HAL_Driver/Src/stm32l4xx_hal_rcc_ex.o
 .debug_abbrev  0x0000000000001a61      0x212 Drivers/STM32L4xx_HAL_Driver/Src/stm32l4xx_hal_uart.o
 .debug_abbrev  0x0000000000001c73      0x1e2 Drivers/STM32L4xx_HAL_Driver/Src/stm32l4xx_hal_uart_ex.o
 .debug_abbrev  0x0000000000001e55      0x26d Drivers/STM32L4xx_HAL_Driver/Src/stm32l4xx_ll_usb.o
 .debug_abbrev  0x00000000000020c2      0x27d Middlewares/ST/STM32_USB_Device_Library/Core/Src/usbd_core.o
 .debug_abbrev  0x000000000000233f      0x2ba Middlewares/ST/STM32_USB_Device_Library/Core/Src/usbd_ctlreq.o
 .debug_abbrev  0x00000000000025f9      0x1fc Middlewares/ST/STM32_USB_Device_Library/Core/Src/usbd_ioreq.o
 .debug_abbrev  0x00000000000027f5      0x2de Source/Application/System.o
 .debug_abbrev  0x0000000000002ad3      0x25e Source/Systemslayer/Error.o
 .debug_abbrev  0x0000000000002d31      0x276 Source/Systemslayer/HRT.o
 .debug_abbrev  0x0000000000002fa7      0x332 Source/Systemslayer/PAL.o
 .debug_abbrev  0x00000000000032d9      0x22c Source/Systemslayer/Power.o
 .debug_abbrev  0x0000000000003505      0x2fe USB_DEVICE/Target/usbd_conf.o

.debug_aranges  0x0000000000000000     0x14b0
 .debug_aranges
                0x0000000000000000       0x28 Core/Src/main.o
 .debug_aranges
                0x0000000000000028       0x40 Core/Src/stm32l4xx_hal_msp.o
 .debug_aranges
                0x0000000000000068       0xa0 Core/Src/stm32l4xx_it.o
 .debug_aranges
                0x0000000000000108       0x28 Core/Src/system_stm32l4xx.o
 .debug_aranges
                0x0000000000000130       0x28 Core/Startup/startup_stm32l4r5vitx.o
 .debug_aranges
                0x0000000000000158      0x130 Drivers/STM32L4xx_HAL_Driver/Src/stm32l4xx_hal.o
 .debug_aranges
                0x0000000000000288      0x118 Drivers/STM32L4xx_HAL_Driver/Src/stm32l4xx_hal_cortex.o
 .debug_aranges
                0x00000000000003a0       0x90 Drivers/STM32L4xx_HAL_Driver/Src/stm32l4xx_hal_dma.o
 .debug_aranges
                0x0000000000000430       0x58 Drivers/STM32L4xx_HAL_Driver/Src/stm32l4xx_hal_gpio.o
 .debug_aranges
                0x0000000000000488      0x290 Drivers/STM32L4xx_HAL_Driver/Src/stm32l4xx_hal_i2c.o
 .debug_aranges
                0x0000000000000718      0x130 Drivers/STM32L4xx_HAL_Driver/Src/stm32l4xx_hal_pcd.o
 .debug_aranges
                0x0000000000000848      0x170 Drivers/STM32L4xx_HAL_Driver/Src/stm32l4xx_hal_pwr_ex.o
 .debug_aranges
                0x00000000000009b8       0x90 Drivers/STM32L4xx_HAL_Driver/Src/stm32l4xx_hal_rcc.o
 .debug_aranges
                0x0000000000000a48      0x110 Drivers/STM32L4xx_HAL_Driver/Src/stm32l4xx_hal_rcc_ex.o
 .debug_aranges
                0x0000000000000b58      0x230 Drivers/STM32L4xx_HAL_Driver/Src/stm32l4xx_hal_uart.o
 .debug_aranges
                0x0000000000000d88       0x88 Drivers/STM32L4xx_HAL_Driver/Src/stm32l4xx_hal_uart_ex.o
 .debug_aranges
                0x0000000000000e10      0x198 Drivers/STM32L4xx_HAL_Driver/Src/stm32l4xx_ll_usb.o
 .debug_aranges
                0x0000000000000fa8       0xb8 Middlewares/ST/STM32_USB_Device_Library/Core/Src/usbd_core.o
 .debug_aranges
                0x0000000000001060       0x90 Middlewares/ST/STM32_USB_Device_Library/Core/Src/usbd_ctlreq.o
 .debug_aranges
                0x00000000000010f0       0x50 Middlewares/ST/STM32_USB_Device_Library/Core/Src/usbd_ioreq.o
 .debug_aranges
                0x0000000000001140       0x80 Source/Application/System.o
 .debug_aranges
                0x00000000000011c0       0x70 Source/Systemslayer/Error.o
 .debug_aranges
                0x0000000000001230       0x50 Source/Systemslayer/HRT.o
 .debug_aranges
                0x0000000000001280       0xc8 Source/Systemslayer/PAL.o
 .debug_aranges
                0x0000000000001348       0x50 Source/Systemslayer/Power.o
 .debug_aranges
                0x0000000000001398      0x118 USB_DEVICE/Target/usbd_conf.o

.debug_ranges   0x0000000000000000     0x1318
 .debug_ranges  0x0000000000000000       0x18 Core/Src/main.o
 .debug_ranges  0x0000000000000018       0x30 Core/Src/stm32l4xx_hal_msp.o
 .debug_ranges  0x0000000000000048       0x90 Core/Src/stm32l4xx_it.o
 .debug_ranges  0x00000000000000d8       0x18 Core/Src/system_stm32l4xx.o
 .debug_ranges  0x00000000000000f0       0x20 Core/Startup/startup_stm32l4r5vitx.o
 .debug_ranges  0x0000000000000110      0x120 Drivers/STM32L4xx_HAL_Driver/Src/stm32l4xx_hal.o
 .debug_ranges  0x0000000000000230      0x108 Drivers/STM32L4xx_HAL_Driver/Src/stm32l4xx_hal_cortex.o
 .debug_ranges  0x0000000000000338       0x80 Drivers/STM32L4xx_HAL_Driver/Src/stm32l4xx_hal_dma.o
 .debug_ranges  0x00000000000003b8       0x48 Drivers/STM32L4xx_HAL_Driver/Src/stm32l4xx_hal_gpio.o
 .debug_ranges  0x0000000000000400      0x280 Drivers/STM32L4xx_HAL_Driver/Src/stm32l4xx_hal_i2c.o
 .debug_ranges  0x0000000000000680      0x120 Drivers/STM32L4xx_HAL_Driver/Src/stm32l4xx_hal_pcd.o
 .debug_ranges  0x00000000000007a0      0x160 Drivers/STM32L4xx_HAL_Driver/Src/stm32l4xx_hal_pwr_ex.o
 .debug_ranges  0x0000000000000900       0x80 Drivers/STM32L4xx_HAL_Driver/Src/stm32l4xx_hal_rcc.o
 .debug_ranges  0x0000000000000980      0x100 Drivers/STM32L4xx_HAL_Driver/Src/stm32l4xx_hal_rcc_ex.o
 .debug_ranges  0x0000000000000a80      0x220 Drivers/STM32L4xx_HAL_Driver/Src/stm32l4xx_hal_uart.o
 .debug_ranges  0x0000000000000ca0       0x78 Drivers/STM32L4xx_HAL_Driver/Src/stm32l4xx_hal_uart_ex.o
 .debug_ranges  0x0000000000000d18      0x188 Drivers/STM32L4xx_HAL_Driver/Src/stm32l4xx_ll_usb.o
 .debug_ranges  0x0000000000000ea0       0xa8 Middlewares/ST/STM32_USB_Device_Library/Core/Src/usbd_core.o
 .debug_ranges  0x0000000000000f48       0x80 Middlewares/ST/STM32_USB_Device_Library/Core/Src/usbd_ctlreq.o
 .debug_ranges  0x0000000000000fc8       0x40 Middlewares/ST/STM32_USB_Device_Library/Core/Src/usbd_ioreq.o
 .debug_ranges  0x0000000000001008       0x70 Source/Application/System.o
 .debug_ranges  0x0000000000001078       0x60 Source/Systemslayer/Error.o
 .debug_ranges  0x00000000000010d8       0x40 Source/Systemslayer/HRT.o
 .debug_ranges  0x0000000000001118       0xb8 Source/Systemslayer/PAL.o
 .debug_ranges  0x00000000000011d0       0x40 Source/Systemslayer/Power.o
 .debug_ranges  0x0000000000001210      0x108 USB_DEVICE/Target/usbd_conf.o

.debug_macro    0x0000000000000000    0x2d034
 .debug_macro   0x0000000000000000      0x466 Core/Src/main.o
 .debug_macro   0x0000000000000466      0xa5a Core/Src/main.o
 .debug_macro   0x0000000000000ec0      0x1ad Core/Src/main.o
 .debug_macro   0x000000000000106d       0x2e Core/Src/main.o
 .debug_macro   0x000000000000109b       0x28 Core/Src/main.o
 .debug_macro   0x00000000000010c3       0x22 Core/Src/main.o
 .debug_macro   0x00000000000010e5       0x8e Core/Src/main.o
 .debug_macro   0x0000000000001173       0x51 Core/Src/main.o
 .debug_macro   0x00000000000011c4       0xef Core/Src/main.o
 .debug_macro   0x00000000000012b3       0x6a Core/Src/main.o
 .debug_macro   0x000000000000131d      0x1df Core/Src/main.o
 .debug_macro   0x00000000000014fc       0x1c Core/Src/main.o
 .debug_macro   0x0000000000001518       0x22 Core/Src/main.o
 .debug_macro   0x000000000000153a      0x101 Core/Src/main.o
 .debug_macro   0x000000000000163b     0x1011 Core/Src/main.o
 .debug_macro   0x000000000000264c      0x11f Core/Src/main.o
 .debug_macro   0x000000000000276b    0x1cb6c Core/Src/main.o
 .debug_macro   0x000000000001f2d7       0x43 Core/Src/main.o
 .debug_macro   0x000000000001f31a     0x3897 Core/Src/main.o
 .debug_macro   0x0000000000022bb1      0x174 Core/Src/main.o
 .debug_macro   0x0000000000022d25       0x5c Core/Src/main.o
 .debug_macro   0x0000000000022d81     0x1845 Core/Src/main.o
 .debug_macro   0x00000000000245c6      0x7d5 Core/Src/main.o
 .debug_macro   0x0000000000024d9b      0x13d Core/Src/main.o
 .debug_macro   0x0000000000024ed8      0x225 Core/Src/main.o
 .debug_macro   0x00000000000250fd      0x486 Core/Src/main.o
 .debug_macro   0x0000000000025583      0x1cf Core/Src/main.o
 .debug_macro   0x0000000000025752       0x43 Core/Src/main.o
 .debug_macro   0x0000000000025795      0x23d Core/Src/main.o
 .debug_macro   0x00000000000259d2      0x241 Core/Src/main.o
 .debug_macro   0x0000000000025c13      0x416 Core/Src/main.o
 .debug_macro   0x0000000000026029       0x1c Core/Src/main.o
 .debug_macro   0x0000000000026045       0xf2 Core/Src/main.o
 .debug_macro   0x0000000000026137      0x22c Core/Src/main.o
 .debug_macro   0x0000000000026363       0x61 Core/Src/main.o
 .debug_macro   0x00000000000263c4       0xa5 Core/Src/main.o
 .debug_macro   0x0000000000026469      0x1ed Core/Src/main.o
 .debug_macro   0x0000000000026656       0x97 Core/Src/main.o
 .debug_macro   0x00000000000266ed      0x122 Core/Src/main.o
 .debug_macro   0x000000000002680f      0x3f7 Core/Src/main.o
 .debug_macro   0x0000000000026c06      0x662 Core/Src/main.o
 .debug_macro   0x0000000000027268       0xa6 Core/Src/main.o
 .debug_macro   0x000000000002730e      0x433 Core/Src/main.o
 .debug_macro   0x0000000000027741       0x46 Core/Src/main.o
 .debug_macro   0x0000000000027787       0x46 Core/Src/main.o
 .debug_macro   0x00000000000277cd       0x18 Core/Src/main.o
 .debug_macro   0x00000000000277e5       0x3c Core/Src/main.o
 .debug_macro   0x0000000000027821       0x34 Core/Src/main.o
 .debug_macro   0x0000000000027855       0x16 Core/Src/main.o
 .debug_macro   0x000000000002786b       0x35 Core/Src/main.o
 .debug_macro   0x00000000000278a0      0x32a Core/Src/main.o
 .debug_macro   0x0000000000027bca       0x10 Core/Src/main.o
 .debug_macro   0x0000000000027bda       0x52 Core/Src/main.o
 .debug_macro   0x0000000000027c2c       0x1f Core/Src/main.o
 .debug_macro   0x0000000000027c4b       0x43 Core/Src/main.o
 .debug_macro   0x0000000000027c8e       0x20 Core/Src/main.o
 .debug_macro   0x0000000000027cae      0x1a3 Core/Src/main.o
 .debug_macro   0x0000000000027e51       0x10 Core/Src/main.o
 .debug_macro   0x0000000000027e61       0x1c Core/Src/main.o
 .debug_macro   0x0000000000027e7d       0x52 Core/Src/main.o
 .debug_macro   0x0000000000027ecf       0x40 Core/Src/main.o
 .debug_macro   0x0000000000027f0f       0x10 Core/Src/main.o
 .debug_macro   0x0000000000027f1f       0x40 Core/Src/main.o
 .debug_macro   0x0000000000027f5f       0xd7 Core/Src/main.o
 .debug_macro   0x0000000000028036       0x1c Core/Src/main.o
 .debug_macro   0x0000000000028052       0x3d Core/Src/main.o
 .debug_macro   0x000000000002808f       0x16 Core/Src/main.o
 .debug_macro   0x00000000000280a5      0x145 Core/Src/main.o
 .debug_macro   0x00000000000281ea       0x16 Core/Src/main.o
 .debug_macro   0x0000000000028200       0x16 Core/Src/main.o
 .debug_macro   0x0000000000028216       0x29 Core/Src/main.o
 .debug_macro   0x000000000002823f       0x16 Core/Src/main.o
 .debug_macro   0x0000000000028255       0x20 Core/Src/main.o
 .debug_macro   0x0000000000028275       0x5f Core/Src/main.o
 .debug_macro   0x00000000000282d4      0x1c4 Core/Src/main.o
 .debug_macro   0x0000000000028498       0x22 Core/Src/main.o
 .debug_macro   0x00000000000284ba      0x1e1 Core/Src/main.o
 .debug_macro   0x000000000002869b      0x201 Core/Src/main.o
 .debug_macro   0x000000000002889c       0x4c Core/Src/main.o
 .debug_macro   0x00000000000288e8       0x4c Core/Src/main.o
 .debug_macro   0x0000000000028934       0x10 Core/Src/main.o
 .debug_macro   0x0000000000028944      0x206 Core/Src/stm32l4xx_hal_msp.o
 .debug_macro   0x0000000000028b4a      0x210 Core/Src/stm32l4xx_it.o
 .debug_macro   0x0000000000028d5a      0x1fd Core/Src/system_stm32l4xx.o
 .debug_macro   0x0000000000028f57      0x245 Drivers/STM32L4xx_HAL_Driver/Src/stm32l4xx_hal.o
 .debug_macro   0x000000000002919c      0x1f7 Drivers/STM32L4xx_HAL_Driver/Src/stm32l4xx_hal_cortex.o
 .debug_macro   0x0000000000029393      0x1f7 Drivers/STM32L4xx_HAL_Driver/Src/stm32l4xx_hal_dma.o
 .debug_macro   0x000000000002958a      0x236 Drivers/STM32L4xx_HAL_Driver/Src/stm32l4xx_hal_gpio.o
 .debug_macro   0x00000000000297c0      0x2bc Drivers/STM32L4xx_HAL_Driver/Src/stm32l4xx_hal_i2c.o
 .debug_macro   0x0000000000029a7c      0x203 Drivers/STM32L4xx_HAL_Driver/Src/stm32l4xx_hal_pcd.o
 .debug_macro   0x0000000000029c7f      0x221 Drivers/STM32L4xx_HAL_Driver/Src/stm32l4xx_hal_pwr_ex.o
 .debug_macro   0x0000000000029ea0      0x239 Drivers/STM32L4xx_HAL_Driver/Src/stm32l4xx_hal_rcc.o
 .debug_macro   0x000000000002a0d9      0x22d Drivers/STM32L4xx_HAL_Driver/Src/stm32l4xx_hal_rcc_ex.o
 .debug_macro   0x000000000002a306      0x222 Drivers/STM32L4xx_HAL_Driver/Src/stm32l4xx_hal_uart.o
 .debug_macro   0x000000000002a528      0x203 Drivers/STM32L4xx_HAL_Driver/Src/stm32l4xx_hal_uart_ex.o
 .debug_macro   0x000000000002a72b      0x1f7 Drivers/STM32L4xx_HAL_Driver/Src/stm32l4xx_ll_usb.o
 .debug_macro   0x000000000002a922      0x3fa Middlewares/ST/STM32_USB_Device_Library/Core/Src/usbd_core.o
 .debug_macro   0x000000000002ad1c      0x1ca Middlewares/ST/STM32_USB_Device_Library/Core/Src/usbd_core.o
 .debug_macro   0x000000000002aee6      0x404 Middlewares/ST/STM32_USB_Device_Library/Core/Src/usbd_ctlreq.o
 .debug_macro   0x000000000002b2ea      0x400 Middlewares/ST/STM32_USB_Device_Library/Core/Src/usbd_ioreq.o
 .debug_macro   0x000000000002b6ea      0x434 Source/Application/System.o
 .debug_macro   0x000000000002bb1e       0x10 Source/Application/System.o
 .debug_macro   0x000000000002bb2e       0x58 Source/Application/System.o
 .debug_macro   0x000000000002bb86       0x34 Source/Application/System.o
 .debug_macro   0x000000000002bbba      0x409 Source/Systemslayer/Error.o
 .debug_macro   0x000000000002bfc3      0x3f9 Source/Systemslayer/HRT.o
 .debug_macro   0x000000000002c3bc      0x40f Source/Systemslayer/PAL.o
 .debug_macro   0x000000000002c7cb      0x452 Source/Systemslayer/Power.o
 .debug_macro   0x000000000002cc1d      0x417 USB_DEVICE/Target/usbd_conf.o

.debug_line     0x0000000000000000    0x127bf
 .debug_line    0x0000000000000000      0xa9e Core/Src/main.o
 .debug_line    0x0000000000000a9e      0x7c1 Core/Src/stm32l4xx_hal_msp.o
 .debug_line    0x000000000000125f      0x857 Core/Src/stm32l4xx_it.o
 .debug_line    0x0000000000001ab6      0x74e Core/Src/system_stm32l4xx.o
 .debug_line    0x0000000000002204       0x87 Core/Startup/startup_stm32l4r5vitx.o
 .debug_line    0x000000000000228b      0x9c4 Drivers/STM32L4xx_HAL_Driver/Src/stm32l4xx_hal.o
 .debug_line    0x0000000000002c4f      0xa4c Drivers/STM32L4xx_HAL_Driver/Src/stm32l4xx_hal_cortex.o
 .debug_line    0x000000000000369b      0x99c Drivers/STM32L4xx_HAL_Driver/Src/stm32l4xx_hal_dma.o
 .debug_line    0x0000000000004037      0x8ef Drivers/STM32L4xx_HAL_Driver/Src/stm32l4xx_hal_gpio.o
 .debug_line    0x0000000000004926     0x1b06 Drivers/STM32L4xx_HAL_Driver/Src/stm32l4xx_hal_i2c.o
 .debug_line    0x000000000000642c      0xc48 Drivers/STM32L4xx_HAL_Driver/Src/stm32l4xx_hal_pcd.o
 .debug_line    0x0000000000007074      0xb3e Drivers/STM32L4xx_HAL_Driver/Src/stm32l4xx_hal_pwr_ex.o
 .debug_line    0x0000000000007bb2      0xa7c Drivers/STM32L4xx_HAL_Driver/Src/stm32l4xx_hal_rcc.o
 .debug_line    0x000000000000862e      0xec7 Drivers/STM32L4xx_HAL_Driver/Src/stm32l4xx_hal_rcc_ex.o
 .debug_line    0x00000000000094f5     0x13e8 Drivers/STM32L4xx_HAL_Driver/Src/stm32l4xx_hal_uart.o
 .debug_line    0x000000000000a8dd      0x992 Drivers/STM32L4xx_HAL_Driver/Src/stm32l4xx_hal_uart_ex.o
 .debug_line    0x000000000000b26f      0xdff Drivers/STM32L4xx_HAL_Driver/Src/stm32l4xx_ll_usb.o
 .debug_line    0x000000000000c06e      0xc00 Middlewares/ST/STM32_USB_Device_Library/Core/Src/usbd_core.o
 .debug_line    0x000000000000cc6e      0xcf8 Middlewares/ST/STM32_USB_Device_Library/Core/Src/usbd_ctlreq.o
 .debug_line    0x000000000000d966      0xa7e Middlewares/ST/STM32_USB_Device_Library/Core/Src/usbd_ioreq.o
 .debug_line    0x000000000000e3e4      0xad9 Source/Application/System.o
 .debug_line    0x000000000000eebd      0xa80 Source/Systemslayer/Error.o
 .debug_line    0x000000000000f93d      0xa06 Source/Systemslayer/HRT.o
 .debug_line    0x0000000000010343      0xd29 Source/Systemslayer/PAL.o
 .debug_line    0x000000000001106c      0xa30 Source/Systemslayer/Power.o
 .debug_line    0x0000000000011a9c      0xd23 USB_DEVICE/Target/usbd_conf.o

.debug_str      0x0000000000000000   0x104fea
 .debug_str     0x0000000000000000    0xfe6d8 Core/Src/main.o
                                      0xfec28 (size before relaxing)
 .debug_str     0x00000000000fe6d8      0x633 Core/Src/stm32l4xx_hal_msp.o
                                      0xf9325 (size before relaxing)
 .debug_str     0x00000000000fed0b      0x4c9 Core/Src/stm32l4xx_it.o
                                      0xf90db (size before relaxing)
 .debug_str     0x00000000000ff1d4       0xcd Core/Src/system_stm32l4xx.o
                                      0xf856e (size before relaxing)
 .debug_str     0x00000000000ff2a1       0x36 Core/Startup/startup_stm32l4r5vitx.o
                                         0x50 (size before relaxing)
 .debug_str     0x00000000000ff2d7      0x5aa Drivers/STM32L4xx_HAL_Driver/Src/stm32l4xx_hal.o
                                      0xf908f (size before relaxing)
 .debug_str     0x00000000000ff881      0x389 Drivers/STM32L4xx_HAL_Driver/Src/stm32l4xx_hal_cortex.o
                                      0xf8dda (size before relaxing)
 .debug_str     0x00000000000ffc0a      0x2a6 Drivers/STM32L4xx_HAL_Driver/Src/stm32l4xx_hal_dma.o
                                      0xf88e4 (size before relaxing)
 .debug_str     0x00000000000ffeb0      0x252 Drivers/STM32L4xx_HAL_Driver/Src/stm32l4xx_hal_gpio.o
                                      0xf87da (size before relaxing)
 .debug_str     0x0000000000100102      0xd33 Drivers/STM32L4xx_HAL_Driver/Src/stm32l4xx_hal_i2c.o
                                      0xf9747 (size before relaxing)
 .debug_str     0x0000000000100e35      0x558 Drivers/STM32L4xx_HAL_Driver/Src/stm32l4xx_hal_pcd.o
                                      0xf8c9f (size before relaxing)
 .debug_str     0x000000000010138d      0x586 Drivers/STM32L4xx_HAL_Driver/Src/stm32l4xx_hal_pwr_ex.o
                                      0xf8b3c (size before relaxing)
 .debug_str     0x0000000000101913      0x4e6 Drivers/STM32L4xx_HAL_Driver/Src/stm32l4xx_hal_rcc.o
                                      0xf8b49 (size before relaxing)
 .debug_str     0x0000000000101df9      0x831 Drivers/STM32L4xx_HAL_Driver/Src/stm32l4xx_hal_rcc_ex.o
                                      0xf8f22 (size before relaxing)
 .debug_str     0x000000000010262a      0x904 Drivers/STM32L4xx_HAL_Driver/Src/stm32l4xx_hal_uart.o
                                      0xf931b (size before relaxing)
 .debug_str     0x0000000000102f2e      0x28d Drivers/STM32L4xx_HAL_Driver/Src/stm32l4xx_hal_uart_ex.o
                                      0xf8b30 (size before relaxing)
 .debug_str     0x00000000001031bb      0x676 Drivers/STM32L4xx_HAL_Driver/Src/stm32l4xx_ll_usb.o
                                      0xf8e06 (size before relaxing)
 .debug_str     0x0000000000103831      0x58a Middlewares/ST/STM32_USB_Device_Library/Core/Src/usbd_core.o
                                      0xfd57d (size before relaxing)
 .debug_str     0x0000000000103dbb      0x152 Middlewares/ST/STM32_USB_Device_Library/Core/Src/usbd_ctlreq.o
                                      0xfd53b (size before relaxing)
 .debug_str     0x0000000000103f0d       0xc9 Middlewares/ST/STM32_USB_Device_Library/Core/Src/usbd_ioreq.o
                                      0xfd48b (size before relaxing)
 .debug_str     0x0000000000103fd6      0x60c Source/Application/System.o
                                      0xfe73b (size before relaxing)
 .debug_str     0x00000000001045e2      0x17c Source/Systemslayer/Error.o
                                      0xfda86 (size before relaxing)
 .debug_str     0x000000000010475e       0x92 Source/Systemslayer/HRT.o
                                      0xfdf97 (size before relaxing)
 .debug_str     0x00000000001047f0      0x1cf Source/Systemslayer/PAL.o
                                      0xfe7e4 (size before relaxing)
 .debug_str     0x00000000001049bf      0x1a7 Source/Systemslayer/Power.o
                                      0xfe376 (size before relaxing)
 .debug_str     0x0000000000104b66      0x484 USB_DEVICE/Target/usbd_conf.o
                                      0xfe4fd (size before relaxing)

.comment        0x0000000000000000       0x7b
 .comment       0x0000000000000000       0x7b Core/Src/main.o
                                         0x7c (size before relaxing)
 .comment       0x000000000000007b       0x7c Core/Src/stm32l4xx_hal_msp.o
 .comment       0x000000000000007b       0x7c Core/Src/stm32l4xx_it.o
 .comment       0x000000000000007b       0x7c Core/Src/system_stm32l4xx.o
 .comment       0x000000000000007b       0x7c Drivers/STM32L4xx_HAL_Driver/Src/stm32l4xx_hal.o
 .comment       0x000000000000007b       0x7c Drivers/STM32L4xx_HAL_Driver/Src/stm32l4xx_hal_cortex.o
 .comment       0x000000000000007b       0x7c Drivers/STM32L4xx_HAL_Driver/Src/stm32l4xx_hal_dma.o
 .comment       0x000000000000007b       0x7c Drivers/STM32L4xx_HAL_Driver/Src/stm32l4xx_hal_gpio.o
 .comment       0x000000000000007b       0x7c Drivers/STM32L4xx_HAL_Driver/Src/stm32l4xx_hal_i2c.o
 .comment       0x000000000000007b       0x7c Drivers/STM32L4xx_HAL_Driver/Src/stm32l4xx_hal_pcd.o
 .comment       0x000000000000007b       0x7c Drivers/STM32L4xx_HAL_Driver/Src/stm32l4xx_hal_pwr_ex.o
 .comment       0x000000000000007b       0x7c Drivers/STM32L4xx_HAL_Driver/Src/stm32l4xx_hal_rcc.o
 .comment       0x000000000000007b       0x7c Drivers/STM32L4xx_HAL_Driver/Src/stm32l4xx_hal_rcc_ex.o
 .comment       0x000000000000007b       0x7c Drivers/STM32L4xx_HAL_Driver/Src/stm32l4xx_hal_uart.o
 .comment       0x000000000000007b       0x7c Drivers/STM32L4xx_HAL_Driver/Src/stm32l4xx_hal_uart_ex.o
 .comment       0x000000000000007b       0x7c Drivers/STM32L4xx_HAL_Driver/Src/stm32l4xx_ll_usb.o
 .comment       0x000000000000007b       0x7c Middlewares/ST/STM32_USB_Device_Library/Core/Src/usbd_core.o
 .comment       0x000000000000007b       0x7c Middlewares/ST/STM32_USB_Device_Library/Core/Src/usbd_ctlreq.o
 .comment       0x000000000000007b       0x7c Middlewares/ST/STM32_USB_Device_Library/Core/Src/usbd_ioreq.o
 .comment       0x000000000000007b       0x7c Source/Application/System.o
 .comment       0x000000000000007b       0x7c Source/Systemslayer/Error.o
 .comment       0x000000000000007b       0x7c Source/Systemslayer/HRT.o
 .comment       0x000000000000007b       0x7c Source/Systemslayer/PAL.o
 .comment       0x000000000000007b       0x7c Source/Systemslayer/Power.o
 .comment       0x000000000000007b       0x7c USB_DEVICE/Target/usbd_conf.o

.debug_frame    0x0000000000000000     0x5514
 .debug_frame   0x0000000000000000       0x48 Core/Src/main.o
 .debug_frame   0x0000000000000048       0xc8 Core/Src/stm32l4xx_hal_msp.o
 .debug_frame   0x0000000000000110      0x1ec Core/Src/stm32l4xx_it.o
 .debug_frame   0x00000000000002fc       0x58 Core/Src/system_stm32l4xx.o
 .debug_frame   0x0000000000000354      0x498 Drivers/STM32L4xx_HAL_Driver/Src/stm32l4xx_hal.o
 .debug_frame   0x00000000000007ec      0x498 Drivers/STM32L4xx_HAL_Driver/Src/stm32l4xx_hal_cortex.o
 .debug_frame   0x0000000000000c84      0x24c Drivers/STM32L4xx_HAL_Driver/Src/stm32l4xx_hal_dma.o
 .debug_frame   0x0000000000000ed0      0x14c Drivers/STM32L4xx_HAL_Driver/Src/stm32l4xx_hal_gpio.o
 .debug_frame   0x000000000000101c      0xbe8 Drivers/STM32L4xx_HAL_Driver/Src/stm32l4xx_hal_i2c.o
 .debug_frame   0x0000000000001c04      0x544 Drivers/STM32L4xx_HAL_Driver/Src/stm32l4xx_hal_pcd.o
 .debug_frame   0x0000000000002148      0x5c4 Drivers/STM32L4xx_HAL_Driver/Src/stm32l4xx_hal_pwr_ex.o
 .debug_frame   0x000000000000270c      0x220 Drivers/STM32L4xx_HAL_Driver/Src/stm32l4xx_hal_rcc.o
 .debug_frame   0x000000000000292c      0x464 Drivers/STM32L4xx_HAL_Driver/Src/stm32l4xx_hal_rcc_ex.o
 .debug_frame   0x0000000000002d90      0xa0c Drivers/STM32L4xx_HAL_Driver/Src/stm32l4xx_hal_uart.o
 .debug_frame   0x000000000000379c      0x22c Drivers/STM32L4xx_HAL_Driver/Src/stm32l4xx_hal_uart_ex.o
 .debug_frame   0x00000000000039c8      0x794 Drivers/STM32L4xx_HAL_Driver/Src/stm32l4xx_ll_usb.o
 .debug_frame   0x000000000000415c      0x2fc Middlewares/ST/STM32_USB_Device_Library/Core/Src/usbd_core.o
 .debug_frame   0x0000000000004458      0x23c Middlewares/ST/STM32_USB_Device_Library/Core/Src/usbd_ctlreq.o
 .debug_frame   0x0000000000004694      0x10c Middlewares/ST/STM32_USB_Device_Library/Core/Src/usbd_ioreq.o
 .debug_frame   0x00000000000047a0      0x1bc Source/Application/System.o
 .debug_frame   0x000000000000495c      0x1b0 Source/Systemslayer/Error.o
 .debug_frame   0x0000000000004b0c       0xf4 Source/Systemslayer/HRT.o
 .debug_frame   0x0000000000004c00      0x344 Source/Systemslayer/PAL.o
 .debug_frame   0x0000000000004f44       0xec Source/Systemslayer/Power.o
 .debug_frame   0x0000000000005030      0x498 USB_DEVICE/Target/usbd_conf.o
 .debug_frame   0x00000000000054c8       0x2c c:/st/stm32cubeide_1.4.0/stm32cubeide/plugins/com.st.stm32cube.ide.mcu.externaltools.gnu-tools-for-stm32.7-2018-q2-update.win32_1.4.0.202007081208/tools/bin/../lib/gcc/arm-none-eabi/7.3.1/../../../../arm-none-eabi/lib/thumb/v7e-m/fpv4-sp/hard\libc_nano.a(lib_a-init.o)
 .debug_frame   0x00000000000054f4       0x20 c:/st/stm32cubeide_1.4.0/stm32cubeide/plugins/com.st.stm32cube.ide.mcu.externaltools.gnu-tools-for-stm32.7-2018-q2-update.win32_1.4.0.202007081208/tools/bin/../lib/gcc/arm-none-eabi/7.3.1/../../../../arm-none-eabi/lib/thumb/v7e-m/fpv4-sp/hard\libc_nano.a(lib_a-memset.o)
