core_cm4.h:1679:22:__NVIC_EnableIRQ	16	static,ignoring_inline_asm
core_cm4.h:1717:22:__NVIC_DisableIRQ	16	static,ignoring_inline_asm
core_cm4.h:1809:22:__NVIC_SetPriority	16	static
core_cm4.h:1831:26:__NVIC_GetPriority	16	static
core_cm4.h:1856:26:NVIC_EncodePriority	40	static
core_cm4.h:1883:22:NVIC_DecodePriority	40	static
PAL.c:30:13:PAL_ConfigClocks	248	static
PAL.c:189:6:PAL_SetGPIODefaults	64	static
PAL.c:230:6:PAL_ConfigGPIOStage1	48	static
PAL.c:311:6:PAL_ConfigGPIOStage2	56	static
PAL.c:594:6:PAL_InitStage1	8	static
PAL.c:622:6:PAL_InitStage2	8	static
PAL.c:629:6:PAL_PwrDown	16	static
PAL.c:777:6:PAL_NVIC_SetPriority	16	static
PAL.c:783:10:PAL_NVIC_GetPriority	24	static
PAL.c:793:6:PAL_NVIC_EnableIRQ	16	static
PAL.c:799:6:PAL_NVIC_DisableIRQ	16	static
PAL.c:806:15:PAL_GetIO	16	static
PAL.c:815:6:PAL_SetIO	16	static
PAL.c:821:6:PAL_ResetIO	16	static
PAL.c:827:6:PAL_ToggleIO	16	static
PAL.c:836:6:PAL_ActivateBootloader	8	static
